Archive member included to satisfy reference by file (symbol)

.\CortexM3\ARM_GCC_541\Debug\Assignment1.a(CyDmac.o)
                              .\CortexM3\ARM_GCC_541\Debug\Cm3Start.o (CyDmacConfigure)
.\CortexM3\ARM_GCC_541\Debug\Assignment1.a(CyLib.o)
                              .\CortexM3\ARM_GCC_541\Debug\Cm3Start.o (CyHalt)
.\CortexM3\ARM_GCC_541\Debug\Assignment1.a(cyPm.o)
                              .\CortexM3\ARM_GCC_541\Debug\Assignment1.a(CyLib.o) (CyPmReadStatus)
.\CortexM3\ARM_GCC_541\Debug\Assignment1.a(ErikaOS_1_ee_activate.o)
                              .\CortexM3\ARM_GCC_541\Debug\main.o (EE_oo_ActivateTask)
.\CortexM3\ARM_GCC_541\Debug\Assignment1.a(ErikaOS_1_ee_alsetrel.o)
                              .\CortexM3\ARM_GCC_541\Debug\main.o (EE_oo_SetRelAlarm)
.\CortexM3\ARM_GCC_541\Debug\Assignment1.a(ErikaOS_1_ee_altick.o)
                              .\CortexM3\ARM_GCC_541\Debug\Assignment1.a(ErikaOS_1_ee_alsetrel.o) (EE_oo_counter_object_insert)
.\CortexM3\ARM_GCC_541\Debug\Assignment1.a(ErikaOS_1_ee_evclear.o)
                              .\CortexM3\ARM_GCC_541\Debug\tsk_control.o (EE_oo_ClearEvent)
.\CortexM3\ARM_GCC_541\Debug\Assignment1.a(ErikaOS_1_ee_evget.o)
                              .\CortexM3\ARM_GCC_541\Debug\tsk_control.o (EE_oo_GetEvent)
.\CortexM3\ARM_GCC_541\Debug\Assignment1.a(ErikaOS_1_ee_evset.o)
                              .\CortexM3\ARM_GCC_541\Debug\swc_joystick.o (EE_oo_SetEvent)
.\CortexM3\ARM_GCC_541\Debug\Assignment1.a(ErikaOS_1_ee_evwait.o)
                              .\CortexM3\ARM_GCC_541\Debug\tsk_control.o (EE_oo_WaitEvent)
.\CortexM3\ARM_GCC_541\Debug\Assignment1.a(ErikaOS_1_ee_irqendin.o)
                              .\CortexM3\ARM_GCC_541\Debug\main.o (EE_IRQ_end_post_stub)
.\CortexM3\ARM_GCC_541\Debug\Assignment1.a(ErikaOS_1_ee_lookup.o)
                              .\CortexM3\ARM_GCC_541\Debug\Assignment1.a(ErikaOS_1_ee_irqendin.o) (EE_oo_IRQ_disable_count)
.\CortexM3\ARM_GCC_541\Debug\Assignment1.a(ErikaOS_1_ee_rq_exchg.o)
                              .\CortexM3\ARM_GCC_541\Debug\Assignment1.a(ErikaOS_1_ee_activate.o) (EE_rq2stk_exchange)
.\CortexM3\ARM_GCC_541\Debug\Assignment1.a(ErikaOS_1_ee_rq_first.o)
                              .\CortexM3\ARM_GCC_541\Debug\Assignment1.a(ErikaOS_1_ee_activate.o) (EE_rq_queryfirst)
.\CortexM3\ARM_GCC_541\Debug\Assignment1.a(ErikaOS_1_ee_rq_inser.o)
                              .\CortexM3\ARM_GCC_541\Debug\Assignment1.a(ErikaOS_1_ee_activate.o) (EE_rq_insert)
.\CortexM3\ARM_GCC_541\Debug\Assignment1.a(ErikaOS_1_ee_shtdown.o)
                              .\CortexM3\ARM_GCC_541\Debug\main.o (EE_oo_ShutdownOS)
.\CortexM3\ARM_GCC_541\Debug\Assignment1.a(ErikaOS_1_ee_startos.o)
                              .\CortexM3\ARM_GCC_541\Debug\Assignment1.a(ErikaOS_1_ee_shtdown.o) (EE_oo_started)
.\CortexM3\ARM_GCC_541\Debug\Assignment1.a(ErikaOS_1_ee_terminat.o)
                              .\CortexM3\ARM_GCC_541\Debug\main.o (EE_oo_TerminateTask)
.\CortexM3\ARM_GCC_541\Debug\Assignment1.a(ErikaOS_1_cortex_mx_ee_utils.o)
                              .\CortexM3\ARM_GCC_541\Debug\main.o (EE_system_init)
.\CortexM3\ARM_GCC_541\Debug\Assignment1.a(ErikaOS_1_common_ee_hal_structs.o)
                              .\CortexM3\ARM_GCC_541\Debug\Assignment1.a(ErikaOS_1_ee_irqendin.o) (EE_std_endcycle_next_tid)
.\CortexM3\ARM_GCC_541\Debug\Assignment1.a(ErikaOS_1_eecfg.o)
                              .\CortexM3\ARM_GCC_541\Debug\Assignment1.a(ErikaOS_1_ee_startos.o) (EE_oo_autostart_task_data)
.\CortexM3\ARM_GCC_541\Debug\Assignment1.a(RGB_PWM_green.o)
                              .\CortexM3\ARM_GCC_541\Debug\sc_engine_type.o (RGB_PWM_green_WriteCompare)
.\CortexM3\ARM_GCC_541\Debug\Assignment1.a(PWM_Clock.o)
                              .\CortexM3\ARM_GCC_541\Debug\main.o (PWM_Clock_Start)
.\CortexM3\ARM_GCC_541\Debug\Assignment1.a(LED_red.o)
                              .\CortexM3\ARM_GCC_541\Debug\sc_brakelight_type.o (LED_red_Write)
.\CortexM3\ARM_GCC_541\Debug\Assignment1.a(JOYSTICK_ADC_XY.o)
                              .\CortexM3\ARM_GCC_541\Debug\joystick.o (JOYSTICK_ADC_XY_Start)
.\CortexM3\ARM_GCC_541\Debug\Assignment1.a(JOYSTICK_ADC_XY_INT.o)
                              .\CortexM3\ARM_GCC_541\Debug\Assignment1.a(JOYSTICK_ADC_XY.o) (JOYSTICK_ADC_XY_ISR)
.\CortexM3\ARM_GCC_541\Debug\Assignment1.a(JOYSTICK_ADC_XY_SAR.o)
                              .\CortexM3\ARM_GCC_541\Debug\Assignment1.a(JOYSTICK_ADC_XY.o) (JOYSTICK_ADC_XY_SAR_shift)
.\CortexM3\ARM_GCC_541\Debug\Assignment1.a(JOYSTICK_ADC_XY_TempBuf_dma.o)
                              .\CortexM3\ARM_GCC_541\Debug\Assignment1.a(JOYSTICK_ADC_XY.o) (JOYSTICK_ADC_XY_TempBuf_DmaInitialize)
.\CortexM3\ARM_GCC_541\Debug\Assignment1.a(JOYSTICK_ADC_XY_FinalBuf_dma.o)
                              .\CortexM3\ARM_GCC_541\Debug\Assignment1.a(JOYSTICK_ADC_XY.o) (JOYSTICK_ADC_XY_FinalBuf_DmaInitialize)
[...]
Memory Configuration

Name             Origin             Length             Attributes
rom              0x00000000         0x00040000         xr
ram              0x1fff8000         0x00010000         xrw
*default*        0x00000000         0xffffffff

Linker script and memory map

LOAD c:/program files (x86)/cypress/psoc creator/4.4/psoc creator/import/gnu/arm/5.4.1/bin/../lib/gcc/arm-none-eabi/5.4.1/armv7-m/crti.o
LOAD c:/program files (x86)/cypress/psoc creator/4.4/psoc creator/import/gnu/arm/5.4.1/bin/../lib/gcc/arm-none-eabi/5.4.1/armv7-m/crtbegin.o
LOAD c:/program files (x86)/cypress/psoc creator/4.4/psoc creator/import/gnu/arm/5.4.1/bin/../lib/gcc/arm-none-eabi/5.4.1/../../../../arm-none-eabi/lib/armv7-m/crt0.o
START GROUP
LOAD .\CortexM3\ARM_GCC_541\Debug\main.o
LOAD .\CortexM3\ARM_GCC_541\Debug\swc_joystick.o
LOAD .\CortexM3\ARM_GCC_541\Debug\tsk_control.o
LOAD .\CortexM3\ARM_GCC_541\Debug\tsk_io.o
LOAD .\CortexM3\ARM_GCC_541\Debug\tsk_system.o
LOAD .\CortexM3\ARM_GCC_541\Debug\swc_brakelight.o
LOAD .\CortexM3\ARM_GCC_541\Debug\swc_control.o
LOAD .\CortexM3\ARM_GCC_541\Debug\swc_engine.o
LOAD .\CortexM3\ARM_GCC_541\Debug\joystick.o
LOAD .\CortexM3\ARM_GCC_541\Debug\WatchDogTimer.o
LOAD .\CortexM3\ARM_GCC_541\Debug\sc_brakelight.o
LOAD .\CortexM3\ARM_GCC_541\Debug\sc_brakelight_type.o
LOAD .\CortexM3\ARM_GCC_541\Debug\sc_engine.o
LOAD .\CortexM3\ARM_GCC_541\Debug\sc_engine_type.o
LOAD .\CortexM3\ARM_GCC_541\Debug\sc_joystick.o
LOAD .\CortexM3\ARM_GCC_541\Debug\sc_joystick_type.o
LOAD .\CortexM3\ARM_GCC_541\Debug\sc_speed.o
LOAD .\CortexM3\ARM_GCC_541\Debug\sp_common.o
LOAD .\CortexM3\ARM_GCC_541\Debug\rte.o
LOAD .\CortexM3\ARM_GCC_541\Debug\cyfitter_cfg.o
LOAD .\CortexM3\ARM_GCC_541\Debug\cymetadata.o
LOAD .\CortexM3\ARM_GCC_541\Debug\Cm3Start.o
LOAD .\CortexM3\ARM_GCC_541\Debug\Assignment1.a
LOAD C:\Program Files (x86)\Cypress\PSoC Creator\4.4\PSoC Creator\psoc\content\cycomponentlibrary\CyComponentLibrary.cylib\CortexM3\ARM_GCC_541\Debug\CyComponentLibrary.a
END GROUP
START GROUP
LOAD c:/program files (x86)/cypress/psoc creator/4.4/psoc creator/import/gnu/arm/5.4.1/bin/../lib/gcc/arm-none-eabi/5.4.1/armv7-m\libgcc.a
LOAD c:/program files (x86)/cypress/psoc creator/4.4/psoc creator/import/gnu/arm/5.4.1/bin/../lib/gcc/arm-none-eabi/5.4.1/../../../../arm-none-eabi/lib/armv7-m\libg_nano.a
LOAD c:/program files (x86)/cypress/psoc creator/4.4/psoc creator/import/gnu/arm/5.4.1/bin/../lib/gcc/arm-none-eabi/5.4.1/../../../../arm-none-eabi/lib/armv7-m\libc_nano.a
END GROUP
START GROUP
LOAD c:/program files (x86)/cypress/psoc creator/4.4/psoc creator/import/gnu/arm/5.4.1/bin/../lib/gcc/arm-none-eabi/5.4.1/armv7-m\libgcc.a
LOAD c:/program files (x86)/cypress/psoc creator/4.4/psoc creator/import/gnu/arm/5.4.1/bin/../lib/gcc/arm-none-eabi/5.4.1/../../../../arm-none-eabi/lib/armv7-m\libc_nano.a
END GROUP
LOAD c:/program files (x86)/cypress/psoc creator/4.4/psoc creator/import/gnu/arm/5.4.1/bin/../lib/gcc/arm-none-eabi/5.4.1/armv7-m/crtend.o
LOAD c:/program files (x86)/cypress/psoc creator/4.4/psoc creator/import/gnu/arm/5.4.1/bin/../lib/gcc/arm-none-eabi/5.4.1/armv7-m/crtn.o
START GROUP
LOAD c:/program files (x86)/cypress/psoc creator/4.4/psoc creator/import/gnu/arm/5.4.1/bin/../lib/gcc/arm-none-eabi/5.4.1/armv7-m\libgcc.a
LOAD c:/program files (x86)/cypress/psoc creator/4.4/psoc creator/import/gnu/arm/5.4.1/bin/../lib/gcc/arm-none-eabi/5.4.1/../../../../arm-none-eabi/lib/armv7-m\libc.a
LOAD c:/program files (x86)/cypress/psoc creator/4.4/psoc creator/import/gnu/arm/5.4.1/bin/../lib/gcc/arm-none-eabi/5.4.1/../../../../arm-none-eabi/lib/armv7-m\libnosys.a
END GROUP
                0x00000000                CY_APPL_ORIGIN = 0x0
                0x00000100                CY_FLASH_ROW_SIZE = 0x100
                0x00000020                CY_ECC_ROW_SIZE = 0x20
                0x00000000                CY_EE_IN_BTLDR = 0x0
                0x00000000                CY_APPL_LOADABLE = 0x0
                0x00000800                CY_EE_SIZE = 0x800
                0x00000001                CY_APPL_NUM = 0x1
                0x00000001                CY_APPL_MAX = 0x1
                0x00000040                CY_METADATA_SIZE = 0x40
                0x00000000                CY_APPL_LOADABLE = 0x0
                0x00000000                CY_CHECKSUM_EXCLUDE_SIZE = ALIGN (0x0, CY_FLASH_ROW_SIZE)
                [!provide]                PROVIDE (__cy_heap_start, _end)
                0x00000001                PROVIDE (__cy_region_num, ((__cy_regions_end - __cy_regions) / 0x10))
                0x20008000                PROVIDE (__cy_stack, (ORIGIN (ram) + LENGTH (ram)))
                [!provide]                PROVIDE (__cy_heap_end, (__cy_stack - 0x800))

.cybootloader   0x00000000        0x0
 *(.cybootloader)
                0x00000000                appl1_start = CY_APPL_ORIGIN?CY_APPL_ORIGIN:ALIGN (CY_FLASH_ROW_SIZE)
                0x0001ff00                appl2_start = (appl1_start + ALIGN ((((LENGTH (rom) - appl1_start) - (0x2 * CY_FLASH_ROW_SIZE)) / 0x2), CY_FLASH_ROW_SIZE))
                0x00000000                appl_start = (CY_APPL_NUM == 0x1)?appl1_start:appl2_start
                0x00000000                ecc_offset = ((appl_start / CY_FLASH_ROW_SIZE) * CY_ECC_ROW_SIZE)
                0x00000000                ee_offset = (CY_APPL_LOADABLE && ! (CY_EE_IN_BTLDR))?((CY_EE_SIZE / CY_APPL_MAX) * (CY_APPL_NUM - 0x1)):0x0
                0x00000800                ee_size = (CY_APPL_LOADABLE && ! (CY_EE_IN_BTLDR))?(CY_EE_SIZE / CY_APPL_MAX):CY_EE_SIZE
                [!provide]                PROVIDE (CY_ECC_OFFSET, ecc_offset)

.text           0x00000000     0x205e
 CREATE_OBJECT_SYMBOLS
                0x00000000                PROVIDE (__cy_interrupt_vector, RomVectors)
 *(.romvectors)
 .romvectors    0x00000000       0x10 .\CortexM3\ARM_GCC_541\Debug\Cm3Start.o
                0x00000000                RomVectors
                0x00000001                ASSERT ((. != __cy_interrupt_vector), No interrupt vector)
                0x00000001                ASSERT (CY_APPL_ORIGIN?(SIZEOF (.cybootloader) <= CY_APPL_ORIGIN):0x1, Wrong image location)
                0x00000010                PROVIDE (__cy_reset, Reset)
 *(.text.Reset)
 .text.Reset    0x00000010       0x18 .\CortexM3\ARM_GCC_541\Debug\Cm3Start.o
                0x00000010                Reset
                0x00000001                ASSERT ((. != __cy_reset), No reset code)
 *(.dma_init)
                0x00000001                ASSERT ((((appl_start + .) <= 0x10000) || 0x1), DMA Init must be within the first 64k of flash)
 *(.text .text.* .gnu.linkonce.t.*)
 .text          0x00000028       0x5c c:/program files (x86)/cypress/psoc creator/4.4/psoc creator/import/gnu/arm/5.4.1/bin/../lib/gcc/arm-none-eabi/5.4.1/armv7-m/crtbegin.o
 .text.ISR2_systick_handler
                0x00000084        0xc .\CortexM3\ARM_GCC_541\Debug\main.o
                0x00000084                ISR2_systick_handler
 .text.systick_handler
                0x00000090       0x98 .\CortexM3\ARM_GCC_541\Debug\main.o
                0x00000090                systick_handler
 .text.main     0x00000128       0x28 .\CortexM3\ARM_GCC_541\Debug\main.o
                0x00000128                main
 .text.Functsk_background
                0x00000150        0x8 .\CortexM3\ARM_GCC_541\Debug\main.o
                0x00000150                Functsk_background
 .text.hardware_init
                0x00000158       0x18 .\CortexM3\ARM_GCC_541\Debug\main.o
                0x00000158                hardware_init
 .text.Functsk_init
                0x00000170       0x6c .\CortexM3\ARM_GCC_541\Debug\main.o
                0x00000170                Functsk_init
 .text.ISR2_isr_button
                0x000001dc       0x14 .\CortexM3\ARM_GCC_541\Debug\main.o
                0x000001dc                ISR2_isr_button
 .text.isr_button
                0x000001f0       0x98 .\CortexM3\ARM_GCC_541\Debug\main.o
                0x000001f0                isr_button
 .text.JOYSTICK_readJoystick_run
                0x00000288       0x94 .\CortexM3\ARM_GCC_541\Debug\swc_joystick.o
                0x00000288                JOYSTICK_readJoystick_run
 .text.Functsk_control
                0x0000031c       0x2c .\CortexM3\ARM_GCC_541\Debug\tsk_control.o
                0x0000031c                Functsk_control
 .text.Functsk_io
                0x00000348       0x4c .\CortexM3\ARM_GCC_541\Debug\tsk_io.o
                0x00000348                Functsk_io
 .text.Functsk_system
                0x00000394       0x10 .\CortexM3\ARM_GCC_541\Debug\tsk_system.o
                0x00000394                Functsk_system
 .text.BRAKELIGHT_setBrakeLight_run
                0x000003a4       0x70 .\CortexM3\ARM_GCC_541\Debug\swc_brakelight.o
                0x000003a4                BRAKELIGHT_setBrakeLight_run
 .text.CONTROL_calcControl_run
                0x00000414       0x6c .\CortexM3\ARM_GCC_541\Debug\swc_control.o
                0x00000414                CONTROL_calcControl_run
 .text.ENGINE_setEngine_run
                0x00000480       0x70 .\CortexM3\ARM_GCC_541\Debug\swc_engine.o
                0x00000480                ENGINE_setEngine_run
 .text.JOYSTICK_Init
                0x000004f0       0x10 .\CortexM3\ARM_GCC_541\Debug\joystick.o
                0x000004f0                JOYSTICK_Init
 .text.JOYSTICK_ReadPosition
                0x00000500       0x3c .\CortexM3\ARM_GCC_541\Debug\joystick.o
                0x00000500                JOYSTICK_ReadPosition
 .text.WD_Start
                0x0000053c        0xc .\CortexM3\ARM_GCC_541\Debug\WatchDogTimer.o
                0x0000053c                WD_Start
 .text.WD_Trigger
                0x00000548       0x1c .\CortexM3\ARM_GCC_541\Debug\WatchDogTimer.o
                0x00000548                WD_Trigger
 .text.WD_CheckResetBit
                0x00000564       0x18 .\CortexM3\ARM_GCC_541\Debug\WatchDogTimer.o
                0x00000564                WD_CheckResetBit
 .text.WD_Alive
                0x0000057c       0x18 .\CortexM3\ARM_GCC_541\Debug\WatchDogTimer.o
                0x0000057c                WD_Alive
 .text.SC_BRAKELIGHT_driverOut
                0x00000594       0x1c .\CortexM3\ARM_GCC_541\Debug\sc_brakelight_type.o
                0x00000594                SC_BRAKELIGHT_driverOut
 .text.SC_ENGINE_driverOut
                0x000005b0       0x14 .\CortexM3\ARM_GCC_541\Debug\sc_engine_type.o
                0x000005b0                SC_ENGINE_driverOut
 .text.SC_JOYSTICK_driverIn
                0x000005c4       0x2c .\CortexM3\ARM_GCC_541\Debug\sc_joystick_type.o
                0x000005c4                SC_JOYSTICK_driverIn
 .text.RTE_timertick_sp_common_tick
                0x000005f0       0x48 .\CortexM3\ARM_GCC_541\Debug\sp_common.o
                0x000005f0                RTE_timertick_sp_common_tick
 .text.RTE_ProcessCyclicTable
                0x00000638       0x30 .\CortexM3\ARM_GCC_541\Debug\rte.o
                0x00000638                RTE_ProcessCyclicTable
 .text.RTE_ProcessEventTable
                0x00000668       0x28 .\CortexM3\ARM_GCC_541\Debug\rte.o
                0x00000668                RTE_ProcessEventTable
 .text.CyClockStartupError
                0x00000690        0x4 .\CortexM3\ARM_GCC_541\Debug\cyfitter_cfg.o
 .text.cfg_write_bytes32
                0x00000694       0x34 .\CortexM3\ARM_GCC_541\Debug\cyfitter_cfg.o
 .text.CYMEMZERO
                0x000006c8        0xc .\CortexM3\ARM_GCC_541\Debug\cyfitter_cfg.o
 .text.ClockSetup
                0x000006d4       0xd0 .\CortexM3\ARM_GCC_541\Debug\cyfitter_cfg.o
 .text.AnalogSetDefault
                0x000007a4       0x7c .\CortexM3\ARM_GCC_541\Debug\cyfitter_cfg.o
 .text.CYCONFIGCPY
                0x00000820        0x8 .\CortexM3\ARM_GCC_541\Debug\cyfitter_cfg.o
 .text.cyfitter_cfg
                0x00000828      0x100 .\CortexM3\ARM_GCC_541\Debug\cyfitter_cfg.o
                0x00000828                cyfitter_cfg
 .text.IntDefaultHandler
                0x00000928       0x10 .\CortexM3\ARM_GCC_541\Debug\Cm3Start.o
                0x00000928                IntDefaultHandler
 .text.Start_c  0x00000938       0x4c .\CortexM3\ARM_GCC_541\Debug\Cm3Start.o
                0x00000938                Start_c
 .text.initialize_psoc
                0x00000984       0x6c .\CortexM3\ARM_GCC_541\Debug\Cm3Start.o
                0x00000984                initialize_psoc
 .text.CyDmacConfigure
                0x000009f0       0x34 .\CortexM3\ARM_GCC_541\Debug\Assignment1.a(CyDmac.o)
                0x000009f0                CyDmacConfigure
 .text.CyDmaChEnable
                0x00000a24       0x38 .\CortexM3\ARM_GCC_541\Debug\Assignment1.a(CyDmac.o)
                0x00000a24                CyDmaChEnable
 .text.CyDmaClearPendingDrq
                0x00000a5c       0x28 .\CortexM3\ARM_GCC_541\Debug\Assignment1.a(CyDmac.o)
                0x00000a5c                CyDmaClearPendingDrq
 .text.CyDmaChPriority
                0x00000a84       0x24 .\CortexM3\ARM_GCC_541\Debug\Assignment1.a(CyDmac.o)
                0x00000a84                CyDmaChPriority
 .text.CyDmaChSetExtendedAddress
                0x00000aa8       0x34 .\CortexM3\ARM_GCC_541\Debug\Assignment1.a(CyDmac.o)
                0x00000aa8                CyDmaChSetExtendedAddress
 .text.CyDmaChSetInitialTd
                0x00000adc       0x18 .\CortexM3\ARM_GCC_541\Debug\Assignment1.a(CyDmac.o)
                0x00000adc                CyDmaChSetInitialTd
 .text.CyDmaChSetConfiguration
                0x00000af4       0x44 .\CortexM3\ARM_GCC_541\Debug\Assignment1.a(CyDmac.o)
                0x00000af4                CyDmaChSetConfiguration
 .text.CyDmaTdAllocate
                0x00000b38       0x34 .\CortexM3\ARM_GCC_541\Debug\Assignment1.a(CyDmac.o)
                0x00000b38                CyDmaTdAllocate
 .text.CyDmaTdSetConfiguration
                0x00000b6c       0x28 .\CortexM3\ARM_GCC_541\Debug\Assignment1.a(CyDmac.o)
                0x00000b6c                CyDmaTdSetConfiguration
 .text.CyDmaTdSetAddress
                0x00000b94       0x1c .\CortexM3\ARM_GCC_541\Debug\Assignment1.a(CyDmac.o)
                0x00000b94                CyDmaTdSetAddress
 .text.CyHalt   0x00000bb0        0x4 .\CortexM3\ARM_GCC_541\Debug\Assignment1.a(CyLib.o)
                0x00000bb0                CyHalt
 .text.CyDelayUs
                0x00000bb4       0x14 .\CortexM3\ARM_GCC_541\Debug\Assignment1.a(CyLib.o)
                0x00000bb4                CyDelayUs
 .text.CyWdtStart
                0x00000bc8       0x40 .\CortexM3\ARM_GCC_541\Debug\Assignment1.a(CyLib.o)
                0x00000bc8                CyWdtStart
 .text.CyWdtClear
                0x00000c08        0xc .\CortexM3\ARM_GCC_541\Debug\Assignment1.a(CyLib.o)
                0x00000c08                CyWdtClear
 .text.CyIntSetPriority
                0x00000c14       0x30 .\CortexM3\ARM_GCC_541\Debug\Assignment1.a(CyLib.o)
                0x00000c14                CyIntSetPriority
 .text.EE_oo_ActivateTask
                0x00000c44       0xe8 .\CortexM3\ARM_GCC_541\Debug\Assignment1.a(ErikaOS_1_ee_activate.o)
                0x00000c44                EE_oo_ActivateTask
 .text.EE_oo_SetRelAlarm
                0x00000d2c       0x80 .\CortexM3\ARM_GCC_541\Debug\Assignment1.a(ErikaOS_1_ee_alsetrel.o)
                0x00000d2c                EE_oo_SetRelAlarm
 .text.EE_oo_handle_action_callback
                0x00000dac        0xc .\CortexM3\ARM_GCC_541\Debug\Assignment1.a(ErikaOS_1_ee_altick.o)
 .text.EE_oo_handle_action_task
                0x00000db8       0x4c .\CortexM3\ARM_GCC_541\Debug\Assignment1.a(ErikaOS_1_ee_altick.o)
 .text.EE_oo_handle_action_event
                0x00000e04       0x60 .\CortexM3\ARM_GCC_541\Debug\Assignment1.a(ErikaOS_1_ee_altick.o)
 .text.EE_oo_handle_action
                0x00000e64       0x28 .\CortexM3\ARM_GCC_541\Debug\Assignment1.a(ErikaOS_1_ee_altick.o)
 .text.EE_oo_counter_object_insert
                0x00000e8c       0x9c .\CortexM3\ARM_GCC_541\Debug\Assignment1.a(ErikaOS_1_ee_altick.o)
                0x00000e8c                EE_oo_counter_object_insert
 .text.EE_oo_IncrementCounterImplementation
                0x00000f28      0x100 .\CortexM3\ARM_GCC_541\Debug\Assignment1.a(ErikaOS_1_ee_altick.o)
                0x00000f28                EE_oo_IncrementCounterImplementation
 .text.EE_oo_IncrementCounter
                0x00001028       0xb0 .\CortexM3\ARM_GCC_541\Debug\Assignment1.a(ErikaOS_1_ee_altick.o)
                0x00001028                EE_oo_IncrementCounter
 .text.EE_oo_ClearEvent
                0x000010d8       0x5c .\CortexM3\ARM_GCC_541\Debug\Assignment1.a(ErikaOS_1_ee_evclear.o)
                0x000010d8                EE_oo_ClearEvent
 .text.EE_oo_GetEvent
                0x00001134       0x40 .\CortexM3\ARM_GCC_541\Debug\Assignment1.a(ErikaOS_1_ee_evget.o)
                0x00001134                EE_oo_GetEvent
 .text.EE_oo_SetEvent
                0x00001174      0x100 .\CortexM3\ARM_GCC_541\Debug\Assignment1.a(ErikaOS_1_ee_evset.o)
                0x00001174                EE_oo_SetEvent
 .text.EE_oo_WaitEvent
                0x00001274      0x110 .\CortexM3\ARM_GCC_541\Debug\Assignment1.a(ErikaOS_1_ee_evwait.o)
                0x00001274                EE_oo_WaitEvent
 .text.EE_IRQ_run_next_task
                0x00001384       0x30 .\CortexM3\ARM_GCC_541\Debug\Assignment1.a(ErikaOS_1_ee_irqendin.o)
 .text.EE_IRQ_end_instance
                0x000013b4       0x68 .\CortexM3\ARM_GCC_541\Debug\Assignment1.a(ErikaOS_1_ee_irqendin.o)
                0x000013b4                EE_IRQ_end_instance
 .text.EE_IRQ_end_post_stub
                0x0000141c       0x14 .\CortexM3\ARM_GCC_541\Debug\Assignment1.a(ErikaOS_1_ee_irqendin.o)
                0x0000141c                EE_IRQ_end_post_stub
 .text.EE_rq2stk_exchange
                0x00001430       0x88 .\CortexM3\ARM_GCC_541\Debug\Assignment1.a(ErikaOS_1_ee_rq_exchg.o)
                0x00001430                EE_rq2stk_exchange
 .text.EE_rq_queryfirst
                0x000014b8       0x44 .\CortexM3\ARM_GCC_541\Debug\Assignment1.a(ErikaOS_1_ee_rq_first.o)
                0x000014b8                EE_rq_queryfirst
 .text.EE_rq_insert
                0x000014fc       0x74 .\CortexM3\ARM_GCC_541\Debug\Assignment1.a(ErikaOS_1_ee_rq_inser.o)
                0x000014fc                EE_rq_insert
 .text.EE_oo_shutdown
                0x00001570        0xc .\CortexM3\ARM_GCC_541\Debug\Assignment1.a(ErikaOS_1_ee_shtdown.o)
 .text.EE_oo_ShutdownOS_internal
                0x0000157c        0x8 .\CortexM3\ARM_GCC_541\Debug\Assignment1.a(ErikaOS_1_ee_shtdown.o)
                0x0000157c                EE_oo_ShutdownOS_internal
 .text.EE_oo_ShutdownOS
                0x00001584        0x8 .\CortexM3\ARM_GCC_541\Debug\Assignment1.a(ErikaOS_1_ee_shtdown.o)
                0x00001584                EE_oo_ShutdownOS
 .text.compute_task_tid
                0x0000158c       0x10 .\CortexM3\ARM_GCC_541\Debug\Assignment1.a(ErikaOS_1_ee_startos.o)
 .text.EE_oo_start_os
                0x0000159c        0xc .\CortexM3\ARM_GCC_541\Debug\Assignment1.a(ErikaOS_1_ee_startos.o)
 .text.EE_oo_autostart_tasks
                0x000015a8       0x60 .\CortexM3\ARM_GCC_541\Debug\Assignment1.a(ErikaOS_1_ee_startos.o)
 .text.EE_oo_autostart_os
                0x00001608        0xc .\CortexM3\ARM_GCC_541\Debug\Assignment1.a(ErikaOS_1_ee_startos.o)
 .text.EE_oo_StartOS
                0x00001614       0x8c .\CortexM3\ARM_GCC_541\Debug\Assignment1.a(ErikaOS_1_ee_startos.o)
                0x00001614                EE_oo_StartOS
 .text.EE_oo_TerminateTask
                0x000016a0       0x3c .\CortexM3\ARM_GCC_541\Debug\Assignment1.a(ErikaOS_1_ee_terminat.o)
                0x000016a0                EE_oo_TerminateTask
 .text.EE_system_init
                0x000016dc       0x48 .\CortexM3\ARM_GCC_541\Debug\Assignment1.a(ErikaOS_1_cortex_mx_ee_utils.o)
                0x000016dc                EE_system_init
 .text.RGB_PWM_green_Enable
                0x00001724       0x10 .\CortexM3\ARM_GCC_541\Debug\Assignment1.a(RGB_PWM_green.o)
                0x00001724                RGB_PWM_green_Enable
 .text.RGB_PWM_green_WriteCounter
                0x00001734        0xc .\CortexM3\ARM_GCC_541\Debug\Assignment1.a(RGB_PWM_green.o)
                0x00001734                RGB_PWM_green_WriteCounter
 .text.RGB_PWM_green_WritePeriod
                0x00001740        0xc .\CortexM3\ARM_GCC_541\Debug\Assignment1.a(RGB_PWM_green.o)
                0x00001740                RGB_PWM_green_WritePeriod
 .text.RGB_PWM_green_WriteCompare
                0x0000174c        0xc .\CortexM3\ARM_GCC_541\Debug\Assignment1.a(RGB_PWM_green.o)
                0x0000174c                RGB_PWM_green_WriteCompare
 .text.RGB_PWM_green_SetInterruptMode
                0x00001758        0xc .\CortexM3\ARM_GCC_541\Debug\Assignment1.a(RGB_PWM_green.o)
                0x00001758                RGB_PWM_green_SetInterruptMode
 .text.RGB_PWM_green_ReadStatusRegister
                0x00001764        0xc .\CortexM3\ARM_GCC_541\Debug\Assignment1.a(RGB_PWM_green.o)
                0x00001764                RGB_PWM_green_ReadStatusRegister
 .text.RGB_PWM_green_ReadCapture
                0x00001770        0xc .\CortexM3\ARM_GCC_541\Debug\Assignment1.a(RGB_PWM_green.o)
                0x00001770                RGB_PWM_green_ReadCapture
 .text.RGB_PWM_green_ClearFIFO
                0x0000177c       0x14 .\CortexM3\ARM_GCC_541\Debug\Assignment1.a(RGB_PWM_green.o)
                0x0000177c                RGB_PWM_green_ClearFIFO
 .text.RGB_PWM_green_Init
                0x00001790       0x50 .\CortexM3\ARM_GCC_541\Debug\Assignment1.a(RGB_PWM_green.o)
                0x00001790                RGB_PWM_green_Init
 .text.RGB_PWM_green_Start
                0x000017e0       0x1c .\CortexM3\ARM_GCC_541\Debug\Assignment1.a(RGB_PWM_green.o)
                0x000017e0                RGB_PWM_green_Start
 .text.PWM_Clock_Start
                0x000017fc       0x1c .\CortexM3\ARM_GCC_541\Debug\Assignment1.a(PWM_Clock.o)
                0x000017fc                PWM_Clock_Start
 .text.LED_red_Write
                0x00001818       0x18 .\CortexM3\ARM_GCC_541\Debug\Assignment1.a(LED_red.o)
                0x00001818                LED_red_Write
 .text.JOYSTICK_ADC_XY_Init
                0x00001830       0x3c .\CortexM3\ARM_GCC_541\Debug\Assignment1.a(JOYSTICK_ADC_XY.o)
                0x00001830                JOYSTICK_ADC_XY_Init
 .text.JOYSTICK_ADC_XY_Enable
                0x0000186c       0xcc .\CortexM3\ARM_GCC_541\Debug\Assignment1.a(JOYSTICK_ADC_XY.o)
                0x0000186c                JOYSTICK_ADC_XY_Enable
 .text.JOYSTICK_ADC_XY_Start
                0x00001938       0x28 .\CortexM3\ARM_GCC_541\Debug\Assignment1.a(JOYSTICK_ADC_XY.o)
                0x00001938                JOYSTICK_ADC_XY_Start
 .text.JOYSTICK_ADC_XY_StartConvert
                0x00001960        0x8 .\CortexM3\ARM_GCC_541\Debug\Assignment1.a(JOYSTICK_ADC_XY.o)
                0x00001960                JOYSTICK_ADC_XY_StartConvert
 .text.JOYSTICK_ADC_XY_IsEndConversion
                0x00001968       0x18 .\CortexM3\ARM_GCC_541\Debug\Assignment1.a(JOYSTICK_ADC_XY.o)
                0x00001968                JOYSTICK_ADC_XY_IsEndConversion
 .text.JOYSTICK_ADC_XY_GetResult16
                0x00001980       0x1c .\CortexM3\ARM_GCC_541\Debug\Assignment1.a(JOYSTICK_ADC_XY.o)
                0x00001980                JOYSTICK_ADC_XY_GetResult16
 .text.JOYSTICK_ADC_XY_ISR
                0x0000199c        0x4 .\CortexM3\ARM_GCC_541\Debug\Assignment1.a(JOYSTICK_ADC_XY_INT.o)
                0x0000199c                JOYSTICK_ADC_XY_ISR
 .text.JOYSTICK_ADC_XY_SAR_CalcGain
                0x000019a0       0x64 .\CortexM3\ARM_GCC_541\Debug\Assignment1.a(JOYSTICK_ADC_XY_SAR.o)
 .text.JOYSTICK_ADC_XY_SAR_Enable
                0x00001a04       0x78 .\CortexM3\ARM_GCC_541\Debug\Assignment1.a(JOYSTICK_ADC_XY_SAR.o)
                0x00001a04                JOYSTICK_ADC_XY_SAR_Enable
 .text.JOYSTICK_ADC_XY_SAR_SetResolution
                0x00001a7c       0x38 .\CortexM3\ARM_GCC_541\Debug\Assignment1.a(JOYSTICK_ADC_XY_SAR.o)
                0x00001a7c                JOYSTICK_ADC_XY_SAR_SetResolution
 .text.JOYSTICK_ADC_XY_SAR_Init
                0x00001ab4       0x24 .\CortexM3\ARM_GCC_541\Debug\Assignment1.a(JOYSTICK_ADC_XY_SAR.o)
                0x00001ab4                JOYSTICK_ADC_XY_SAR_Init
 .text.JOYSTICK_ADC_XY_SAR_Start
                0x00001ad8       0x1c .\CortexM3\ARM_GCC_541\Debug\Assignment1.a(JOYSTICK_ADC_XY_SAR.o)
                0x00001ad8                JOYSTICK_ADC_XY_SAR_Start
 .text.JOYSTICK_ADC_XY_SAR_StartConvert
                0x00001af4       0x10 .\CortexM3\ARM_GCC_541\Debug\Assignment1.a(JOYSTICK_ADC_XY_SAR.o)
                0x00001af4                JOYSTICK_ADC_XY_SAR_StartConvert
 .text.JOYSTICK_ADC_XY_TempBuf_DmaInitialize
                0x00001b04       0x3c .\CortexM3\ARM_GCC_541\Debug\Assignment1.a(JOYSTICK_ADC_XY_TempBuf_dma.o)
                0x00001b04                JOYSTICK_ADC_XY_TempBuf_DmaInitialize
 .text.JOYSTICK_ADC_XY_FinalBuf_DmaInitialize
                0x00001b40       0x3c .\CortexM3\ARM_GCC_541\Debug\Assignment1.a(JOYSTICK_ADC_XY_FinalBuf_dma.o)
                0x00001b40                JOYSTICK_ADC_XY_FinalBuf_DmaInitialize
 .text.JOYSTICK_ADC_XY_IRQ_SetVector
                0x00001b7c        0xc .\CortexM3\ARM_GCC_541\Debug\Assignment1.a(JOYSTICK_ADC_XY_IRQ.o)
                0x00001b7c                JOYSTICK_ADC_XY_IRQ_SetVector
 .text.JOYSTICK_ADC_XY_IRQ_SetPriority
                0x00001b88       0x10 .\CortexM3\ARM_GCC_541\Debug\Assignment1.a(JOYSTICK_ADC_XY_IRQ.o)
                0x00001b88                JOYSTICK_ADC_XY_IRQ_SetPriority
 .text.UART_LOG_Init
                0x00001b98       0x28 .\CortexM3\ARM_GCC_541\Debug\Assignment1.a(UART_LOG.o)
                0x00001b98                UART_LOG_Init
 .text.UART_LOG_Enable
                0x00001bc0       0x38 .\CortexM3\ARM_GCC_541\Debug\Assignment1.a(UART_LOG.o)
                0x00001bc0                UART_LOG_Enable
 .text.UART_LOG_Start
                0x00001bf8       0x1c .\CortexM3\ARM_GCC_541\Debug\Assignment1.a(UART_LOG.o)
                0x00001bf8                UART_LOG_Start
 .text.UART_LOG_PutChar
                0x00001c14       0x18 .\CortexM3\ARM_GCC_541\Debug\Assignment1.a(UART_LOG.o)
                0x00001c14                UART_LOG_PutChar
 .text.UART_LOG_PutString
                0x00001c2c       0x24 .\CortexM3\ARM_GCC_541\Debug\Assignment1.a(UART_LOG.o)
                0x00001c2c                UART_LOG_PutString
 .text.UART_LOG_IntClock_Start
                0x00001c50       0x1c .\CortexM3\ARM_GCC_541\Debug\Assignment1.a(UART_LOG_IntClock.o)
                0x00001c50                UART_LOG_IntClock_Start
 .text.WDT_Button_Read
                0x00001c6c       0x10 .\CortexM3\ARM_GCC_541\Debug\Assignment1.a(WDT_Button.o)
                0x00001c6c                WDT_Button_Read
 *fill*         0x00001c7c        0x4 
 .text          0x00001c80       0x20 .\CortexM3\ARM_GCC_541\Debug\Assignment1.a(CyBootAsmGnu.o)
                0x00001c80                CyDelayCycles
                0x00001c90                CyEnterCriticalSection
                0x00001c98                CyExitCriticalSection
 .text          0x00001ca0       0x7c .\CortexM3\ARM_GCC_541\Debug\Assignment1.a(ErikaOS_1_ee_gnu_change_context_isr.o)
                0x00001ca0                EE_set_switch_context_pri
                0x00001cba                EE_switch_context
                0x00001cc4                EE_cortex_mx_pendsv_ISR
                0x00001d00                EE_cortex_mx_svc_ISR
 .text          0x00001d1c       0x24 .\CortexM3\ARM_GCC_541\Debug\Assignment1.a(ErikaOS_1_ee_gnu_irq_stack.o)
                0x00001d1c                EE_cortex_mx_change_IRQ_stack
                0x00001d2e                EE_cortex_mx_change_IRQ_stack_back
 .text          0x00001d40       0x68 .\CortexM3\ARM_GCC_541\Debug\Assignment1.a(ErikaOS_1_ee_gnu_multi_context.o)
                0x00001d40                EE_cortex_mx_change_context
 .text          0x00001da8       0x80 .\CortexM3\ARM_GCC_541\Debug\Assignment1.a(ErikaOS_1_ee_gnu_oo.o)
                0x00001da8                EE_hal_terminate_savestk
                0x00001df2                EE_hal_terminate_task
 .text.EE_thread_not_terminated
                0x00001e28       0x10 .\CortexM3\ARM_GCC_541\Debug\Assignment1.a(ErikaOS_1_ee_tnterm.o)
                0x00001e28                EE_thread_not_terminated
 .text.EE_oo_thread_stub
                0x00001e38       0x10 .\CortexM3\ARM_GCC_541\Debug\Assignment1.a(ErikaOS_1_ee_tstub.o)
                0x00001e38                EE_oo_thread_stub
 .text.EE_std_run_task_code
                0x00001e48       0x18 .\CortexM3\ARM_GCC_541\Debug\Assignment1.a(ErikaOS_1_cortex_mx_ee_context.o)
                0x00001e48                EE_std_run_task_code
 .text.EE_std_need_context_change
                0x00001e60       0x28 .\CortexM3\ARM_GCC_541\Debug\Assignment1.a(ErikaOS_1_cortex_mx_ee_context.o)
                0x00001e60                EE_std_need_context_change
 .text.EE_thread_rnact_max
                0x00001e88       0x20 .\CortexM3\ARM_GCC_541\Debug\Assignment1.a(ErikaOS_1_ee_thendin.o)
 .text.EE_thread_endcycle_next
                0x00001ea8       0x30 .\CortexM3\ARM_GCC_541\Debug\Assignment1.a(ErikaOS_1_ee_thendin.o)
 .text.EE_thread_end_instance
                0x00001ed8      0x108 .\CortexM3\ARM_GCC_541\Debug\Assignment1.a(ErikaOS_1_ee_thendin.o)
                0x00001ed8                EE_thread_end_instance
 .text.__errno  0x00001fe0        0xc c:/program files (x86)/cypress/psoc creator/4.4/psoc creator/import/gnu/arm/5.4.1/bin/../lib/gcc/arm-none-eabi/5.4.1/../../../../arm-none-eabi/lib/armv7-m\libg_nano.a(lib_a-errno.o)
                0x00001fe0                __errno
 .text.__libc_init_array
                0x00001fec       0x4c c:/program files (x86)/cypress/psoc creator/4.4/psoc creator/import/gnu/arm/5.4.1/bin/../lib/gcc/arm-none-eabi/5.4.1/../../../../arm-none-eabi/lib/armv7-m\libg_nano.a(lib_a-init.o)
                0x00001fec                __libc_init_array
 .text.memcpy   0x00002038       0x16 c:/program files (x86)/cypress/psoc creator/4.4/psoc creator/import/gnu/arm/5.4.1/bin/../lib/gcc/arm-none-eabi/5.4.1/../../../../arm-none-eabi/lib/armv7-m\libg_nano.a(lib_a-memcpy-stub.o)
                0x00002038                memcpy
 .text.memset   0x0000204e       0x10 c:/program files (x86)/cypress/psoc creator/4.4/psoc creator/import/gnu/arm/5.4.1/bin/../lib/gcc/arm-none-eabi/5.4.1/../../../../arm-none-eabi/lib/armv7-m\libg_nano.a(lib_a-memset.o)
                0x0000204e                memset
 *(.plt)
 *(.gnu.warning)
 *(.glue_7t)
 .glue_7t       0x0000205e        0x0 linker stubs
 *(.glue_7)
 .glue_7        0x0000205e        0x0 linker stubs
 *(.vfp11_veneer)
 .vfp11_veneer  0x0000205e        0x0 linker stubs
 *(.bootloader)
 *(.ARM.extab* .gnu.linkonce.armextab.*)
 *(.gcc_except_table)

.v4_bx          0x00002060        0x0
 .v4_bx         0x00002060        0x0 linker stubs

.iplt           0x00002060        0x0
 .iplt          0x00002060        0x0 c:/program files (x86)/cypress/psoc creator/4.4/psoc creator/import/gnu/arm/5.4.1/bin/../lib/gcc/arm-none-eabi/5.4.1/armv7-m/crtbegin.o

.eh_frame_hdr
 *(.eh_frame_hdr)

.eh_frame       0x00002060        0x4
 *(.eh_frame)
 .eh_frame      0x00002060        0x0 c:/program files (x86)/cypress/psoc creator/4.4/psoc creator/import/gnu/arm/5.4.1/bin/../lib/gcc/arm-none-eabi/5.4.1/armv7-m/crtbegin.o
 .eh_frame      0x00002060        0x4 c:/program files (x86)/cypress/psoc creator/4.4/psoc creator/import/gnu/arm/5.4.1/bin/../lib/gcc/arm-none-eabi/5.4.1/armv7-m/crtend.o
                [!provide]                PROVIDE (__exidx_start, .)

.ARM.exidx
 *(.ARM.exidx* .gnu.linkonce.armexidx.*)
                0x00002064                __exidx_end = .

.rodata         0x00002064      0x40c
 *(.rodata .rodata.* .gnu.linkonce.r.*)
 .rodata.str1.4
                0x00002064       0x7b .\CortexM3\ARM_GCC_541\Debug\main.o
 *fill*         0x000020df        0x1 
 .rodata        0x000020e0        0xa .\CortexM3\ARM_GCC_541\Debug\tsk_control.o
                0x000020e0                RTE_eventActivationTable_tsk_control
                0x000020e8                RTE_eventActivation_tsk_control_size
 *fill*         0x000020ea        0x2 
 .rodata        0x000020ec       0x1c .\CortexM3\ARM_GCC_541\Debug\tsk_io.o
                0x000020ec                RTE_cyclicActivationTable_tsk_io
                0x000020fc                RTE_eventActivationTable_tsk_io
                0x00002104                RTE_eventActivation_tsk_io_size
                0x00002106                RTE_cyclicActivation_tsk_io_size
 .rodata        0x00002108       0xa8 .\CortexM3\ARM_GCC_541\Debug\sp_common.o
                0x00002180                so_speed_updTasks
                0x000021ac                so_joystick_updTasks
 .rodata        0x000021b0       0x30 .\CortexM3\ARM_GCC_541\Debug\cyfitter_cfg.o
 .rodata        0x000021e0      0x100 .\CortexM3\ARM_GCC_541\Debug\Assignment1.a(ErikaOS_1_ee_lookup.o)
                0x000021e0                EE_rq_lookup
 .rodata        0x000022e0       0xdc .\CortexM3\ARM_GCC_541\Debug\Assignment1.a(ErikaOS_1_eecfg.o)
                0x000022e0                EE_oo_autostart_task_data
                0x000022ec                EE_oo_action_ROM
                0x00002300                EE_oo_counter_object_ROM
                0x0000230c                EE_ALARM_ID
                0x00002310                EE_alarm_ROM
                0x00002314                EE_counter_ROM
                0x00002320                EE_th_is_extended
                0x00002334                EE_th_rnact_max
                0x00002348                EE_th_dispatch_prio
                0x0000235c                EE_EVENT_ID
                0x00002368                EE_th_ready_prio
                0x0000237c                EE_terminate_real_th_body
                0x00002390                EE_hal_thread_body
                0x000023a4                EE_std_thread_tos
 .rodata.str1.4
                0x000023bc       0x7c .\CortexM3\ARM_GCC_541\Debug\Assignment1.a(ErikaOS_1_eecfg.o)
                                 0x7b (size before relaxing)
 .rodata.str1.1
                0x00002438        0x2 c:/program files (x86)/cypress/psoc creator/4.4/psoc creator/import/gnu/arm/5.4.1/bin/../lib/gcc/arm-none-eabi/5.4.1/../../../../arm-none-eabi/lib/armv7-m\libg_nano.a(lib_a-impure.o)
                0x0000243c                . = ALIGN (0x4)
 *fill*         0x0000243a        0x2 
 *(.init)
 .init          0x0000243c        0x4 c:/program files (x86)/cypress/psoc creator/4.4/psoc creator/import/gnu/arm/5.4.1/bin/../lib/gcc/arm-none-eabi/5.4.1/armv7-m/crti.o
                0x0000243c                _init
 .init          0x00002440        0x8 c:/program files (x86)/cypress/psoc creator/4.4/psoc creator/import/gnu/arm/5.4.1/bin/../lib/gcc/arm-none-eabi/5.4.1/armv7-m/crtn.o
                0x00002448                . = ALIGN (0x4)
                0x00002448                __preinit_array_start = .
 *(.preinit_array)
                0x00002448                __preinit_array_end = .
                0x00002448                . = ALIGN (0x4)
                0x00002448                __init_array_start = .
 *(SORT(.init_array.*))
 *(.init_array)
 .init_array    0x00002448        0x4 c:/program files (x86)/cypress/psoc creator/4.4/psoc creator/import/gnu/arm/5.4.1/bin/../lib/gcc/arm-none-eabi/5.4.1/armv7-m/crtbegin.o
 .init_array    0x0000244c        0x4 .\CortexM3\ARM_GCC_541\Debug\Cm3Start.o
                0x00002450                __init_array_end = .
                0x00002450                . = ALIGN (0x4)
 *(.fini)
 .fini          0x00002450        0x4 c:/program files (x86)/cypress/psoc creator/4.4/psoc creator/import/gnu/arm/5.4.1/bin/../lib/gcc/arm-none-eabi/5.4.1/armv7-m/crti.o
                0x00002450                _fini
 .fini          0x00002454        0x8 c:/program files (x86)/cypress/psoc creator/4.4/psoc creator/import/gnu/arm/5.4.1/bin/../lib/gcc/arm-none-eabi/5.4.1/armv7-m/crtn.o
                0x0000245c                . = ALIGN (0x4)
                0x0000245c                __fini_array_start = .
 *(.fini_array)
 .fini_array    0x0000245c        0x4 c:/program files (x86)/cypress/psoc creator/4.4/psoc creator/import/gnu/arm/5.4.1/bin/../lib/gcc/arm-none-eabi/5.4.1/armv7-m/crtbegin.o
 *(SORT(.fini_array.*))
                0x00002460                __fini_array_end = .
                0x00002460                . = ALIGN (0x4)
 *crtbegin.o(.ctors)
 *(EXCLUDE_FILE(*crtend.o) .ctors)
 *(SORT(.ctors.*))
 *crtend.o(.ctors)
                0x00002460                . = ALIGN (0x4)
 *crtbegin.o(.dtors)
 *(EXCLUDE_FILE(*crtend.o) .dtors)
 *(SORT(.dtors.*))
 *crtend.o(.dtors)
                0x00002460                . = ALIGN (0x4)
                0x00002460                __cy_regions = .
                0x00002460        0x4 LONG 0x2470 __cy_region_init_ram
                0x00002464        0x4 LONG 0x1fff80c8 __cy_region_start_data
                0x00002468        0x4 LONG 0x1f0 __cy_region_init_size_ram
                0x0000246c        0x4 LONG 0x42e0 __cy_region_zero_size_ram
                0x00002470                __cy_regions_end = .
                0x00002470                . = ALIGN (0x8)
                0x00002470                _etext = .

.cy_checksum_exclude
                0x00002470        0x0
 *(.cy_checksum_exclude)

.ramvectors     0x1fff8000       0xc0
                0x1fff8000                __cy_region_start_ram = .
 *(.ramvectors)
 .ramvectors    0x1fff8000       0xc0 .\CortexM3\ARM_GCC_541\Debug\Cm3Start.o
                0x1fff8000                CyRamVectors

.noinit         0x1fff80c0        0x1
 *(.noinit)
 .noinit        0x1fff80c0        0x1 .\CortexM3\ARM_GCC_541\Debug\Assignment1.a(CyLib.o)
                0x1fff80c0                CyResetStatus

.data           0x1fff80c8      0x1f0 load address 0x00002470
                0x1fff80c8                __cy_region_start_data = .
 *(.jcr)
 .jcr           0x1fff80c8        0x0 c:/program files (x86)/cypress/psoc creator/4.4/psoc creator/import/gnu/arm/5.4.1/bin/../lib/gcc/arm-none-eabi/5.4.1/armv7-m/crtbegin.o
 .jcr           0x1fff80c8        0x4 c:/program files (x86)/cypress/psoc creator/4.4/psoc creator/import/gnu/arm/5.4.1/bin/../lib/gcc/arm-none-eabi/5.4.1/armv7-m/crtend.o
 *(.got.plt)
 *(.got)
 *(.shdata)
 *(.data .data.* .gnu.linkonce.d.*)
 .data          0x1fff80cc       0x30 .\CortexM3\ARM_GCC_541\Debug\sp_common.o
                0x1fff80cc                SO_JOYSTICK_signal
                0x1fff80d8                SO_SPEED_signal
                0x1fff80e4                SO_ENGINE_signal
                0x1fff80f0                SO_BRAKELIGHT_signal
 .data          0x1fff80fc        0x8 .\CortexM3\ARM_GCC_541\Debug\Assignment1.a(CyDmac.o)
 .data          0x1fff8104       0x10 .\CortexM3\ARM_GCC_541\Debug\Assignment1.a(CyLib.o)
                0x1fff8104                cydelay_32k_ms
                0x1fff8108                cydelay_freq_khz
                0x1fff810c                cydelay_freq_mhz
                0x1fff8110                cydelay_freq_hz
 .data          0x1fff8114      0x138 .\CortexM3\ARM_GCC_541\Debug\Assignment1.a(ErikaOS_1_eecfg.o)
                0x1fff8114                EE_ALARM_NAME
                0x1fff8118                EE_counter_RAM
                0x1fff8120                EE_th_terminate_nextask
                0x1fff8134                EE_rq_pairs_next
                0x1fff8148                EE_rq_link
                0x1fff815c                EE_th_rnact
                0x1fff8170                EE_rq_queues_tail
                0x1fff81b0                EE_rq_queues_head
                0x1fff81f0                EE_stkfirst
                0x1fff81f4                EE_th_next
                0x1fff8208                EE_th_status
                0x1fff821c                EE_EVENT_NAME
                0x1fff8228                EE_TASK_NAME
                0x1fff823c                EE_cortex_mx_IRQ_tos
                0x1fff8240                EE_cortex_mx_system_tos
 .data          0x1fff824c        0x2 .\CortexM3\ARM_GCC_541\Debug\Assignment1.a(JOYSTICK_ADC_XY.o)
 .data          0x1fff824e        0x1 .\CortexM3\ARM_GCC_541\Debug\Assignment1.a(JOYSTICK_ADC_XY_TempBuf_dma.o)
                0x1fff824e                JOYSTICK_ADC_XY_TempBuf_DmaHandle
 .data          0x1fff824f        0x1 .\CortexM3\ARM_GCC_541\Debug\Assignment1.a(JOYSTICK_ADC_XY_FinalBuf_dma.o)
                0x1fff824f                JOYSTICK_ADC_XY_FinalBuf_DmaHandle
 .data          0x1fff8250        0x4 .\CortexM3\ARM_GCC_541\Debug\Assignment1.a(ErikaOS_1_ee_gnu_irq_stack.o)
 .data.impure_data
                0x1fff8254       0x60 c:/program files (x86)/cypress/psoc creator/4.4/psoc creator/import/gnu/arm/5.4.1/bin/../lib/gcc/arm-none-eabi/5.4.1/../../../../arm-none-eabi/lib/armv7-m\libg_nano.a(lib_a-impure.o)
 .data._impure_ptr
                0x1fff82b4        0x4 c:/program files (x86)/cypress/psoc creator/4.4/psoc creator/import/gnu/arm/5.4.1/bin/../lib/gcc/arm-none-eabi/5.4.1/../../../../arm-none-eabi/lib/armv7-m\libg_nano.a(lib_a-impure.o)
                0x1fff82b4                _impure_ptr
                0x1fff82b8                . = ALIGN (0x8)
 *(.ram)
                0x1fff82b8                _edata = .

.igot.plt       0x1fff82b8        0x0 load address 0x00002660
 .igot.plt      0x1fff82b8        0x0 c:/program files (x86)/cypress/psoc creator/4.4/psoc creator/import/gnu/arm/5.4.1/bin/../lib/gcc/arm-none-eabi/5.4.1/armv7-m/crtbegin.o

.bss            0x1fff82b8     0x42e0 load address 0x00002660
                0x1fff82b8                PROVIDE (__bss_start__, .)
 *(.shbss)
 *(.bss .bss.* .gnu.linkonce.b.*)
 .bss           0x1fff82b8       0x1c c:/program files (x86)/cypress/psoc creator/4.4/psoc creator/import/gnu/arm/5.4.1/bin/../lib/gcc/arm-none-eabi/5.4.1/armv7-m/crtbegin.o
 .bss           0x1fff82d4       0x4c .\CortexM3\ARM_GCC_541\Debug\Assignment1.a(ErikaOS_1_eecfg.o)
                0x1fff82d4                EE_th_waswaiting
                0x1fff82e8                EE_th_event_waitmask
                0x1fff82fc                EE_th_event_active
                0x1fff8310                EE_rq_free
                0x1fff8314                EE_rq_bitmask
                0x1fff8318                EE_sys_ceiling
                0x1fff831c                EE_cortex_mx_active_tos
 .bss           0x1fff8320        0x1 .\CortexM3\ARM_GCC_541\Debug\Assignment1.a(RGB_PWM_green.o)
                0x1fff8320                RGB_PWM_green_initVar
 *fill*         0x1fff8321        0x3 
 .bss           0x1fff8324        0xc .\CortexM3\ARM_GCC_541\Debug\Assignment1.a(JOYSTICK_ADC_XY.o)
                0x1fff832c                JOYSTICK_ADC_XY_initVar
 .bss           0x1fff8330        0x1 .\CortexM3\ARM_GCC_541\Debug\Assignment1.a(JOYSTICK_ADC_XY_SAR.o)
                0x1fff8330                JOYSTICK_ADC_XY_SAR_initVar
 .bss           0x1fff8331        0x2 .\CortexM3\ARM_GCC_541\Debug\Assignment1.a(UART_LOG.o)
                0x1fff8331                UART_LOG_initVar
 *(COMMON)
 COMMON         0x1fff8333        0x1 .\CortexM3\ARM_GCC_541\Debug\WatchDogTimer.o
                0x1fff8333                WD_RunnableAliveBitField
 COMMON         0x1fff8334        0x8 .\CortexM3\ARM_GCC_541\Debug\Assignment1.a(ErikaOS_1_ee_lookup.o)
                0x1fff8334                EE_oo_IRQ_disable_count
                0x1fff8338                EE_oo_IRQ_suspend_status
 COMMON         0x1fff833c        0x4 .\CortexM3\ARM_GCC_541\Debug\Assignment1.a(ErikaOS_1_ee_startos.o)
                0x1fff833c                EE_oo_started
 COMMON         0x1fff8340        0x8 .\CortexM3\ARM_GCC_541\Debug\Assignment1.a(ErikaOS_1_common_ee_hal_structs.o)
                0x1fff8340                EE_IRQ_nesting_level
                0x1fff8344                EE_std_endcycle_next_tid
 COMMON         0x1fff8348     0x423c .\CortexM3\ARM_GCC_541\Debug\Assignment1.a(ErikaOS_1_eecfg.o)
                0x1fff8348                EE_cortex_mx_stack_3
                0x1fffa348                EE_rq_pairs_tid
                0x1fffa35c                EE_terminate_data
                0x1fffa370                EE_oo_counter_object_RAM
                0x1fffa380                EE_ApplicationMode
                0x1fffa384                EE_cortex_mx_stack_4
                0x1fffc384                EE_cortex_mx_stack_9
 COMMON         0x1fffc584        0x4 .\CortexM3\ARM_GCC_541\Debug\Assignment1.a(JOYSTICK_ADC_XY.o)
                0x1fffc584                JOYSTICK_ADC_XY_finalArray
 COMMON         0x1fffc588        0xc .\CortexM3\ARM_GCC_541\Debug\Assignment1.a(JOYSTICK_ADC_XY_SAR.o)
                0x1fffc588                JOYSTICK_ADC_XY_SAR_offset
                0x1fffc58a                JOYSTICK_ADC_XY_SAR_countsPerVolt
                0x1fffc58c                JOYSTICK_ADC_XY_SAR_shift
                0x1fffc590                JOYSTICK_ADC_XY_SAR_countsPer10Volt
                0x1fffc598                . = ALIGN (0x8)
 *fill*         0x1fffc594        0x4 
 *(.ram.b)
                0x1fffc598                _end = .
                0x1fffc598                __end = .
                0x1fffc598                PROVIDE (end, .)
                0x1fffc598                PROVIDE (__bss_end__, .)
                0x00002470                __cy_region_init_ram = LOADADDR (.data)
                0x000001f0                __cy_region_init_size_ram = (_edata - ADDR (.data))
                0x000042e0                __cy_region_zero_size_ram = (_end - _edata)

.heap           0x1fffc598      0x1ac load address 0x00002660
                0x1fffc598                . = _end
                0x1fffc744                . = (. + 0x1ac)
 *fill*         0x1fffc598      0x1ac 
                0x1fffc744                __cy_heap_limit = .

.stack          0x20007800      0x800
                0x20007800                __cy_stack_limit = .
                0x20008000                . = (. + 0x800)
 *fill*         0x20007800      0x800 
                0x00000001                ASSERT ((__cy_stack_limit >= __cy_heap_limit), region RAM overflowed with stack)
                0x00000000                cy_checksum_exclude_size = (CY_APPL_LOADABLE == 0x1)?SIZEOF (.cy_checksum_exclude):0x0
                0x00000001                ASSERT ((cy_checksum_exclude_size <= CY_CHECKSUM_EXCLUDE_SIZE), CY_BOOT: Section .cy_checksum_exclude size exceedes specified limit.)

.cyloadermeta
 *(.cyloadermeta)

.cyloadablemeta
 *(.cyloadablemeta)

.cyconfigecc    0x80000000      0x7d8
 *(.cyconfigecc)
 .cyconfigecc   0x80000000      0x7d8 .\CortexM3\ARM_GCC_541\Debug\cymetadata.o
                0x80000000                cy_meta_configecc

.cycustnvl      0x90000000        0x4
 *(.cycustnvl)
 .cycustnvl     0x90000000        0x4 .\CortexM3\ARM_GCC_541\Debug\cymetadata.o
                0x90000000                cy_meta_custnvl

.cywolatch      0x90100000        0x4
 *(.cywolatch)
 .cywolatch     0x90100000        0x4 .\CortexM3\ARM_GCC_541\Debug\cymetadata.o
                0x90100000                cy_meta_wonvl

.cyeeprom       0x90200000        0x0
 *(.cyeeprom)
                0x00000001                ASSERT ((. <= ((0x90200000 + ee_offset) + ee_size)), .cyeeprom data will not fit in EEPROM)

.cyflashprotect
                0x90400000      0x100
 *(.cyflashprotect)
 .cyflashprotect
                0x90400000      0x100 .\CortexM3\ARM_GCC_541\Debug\cymetadata.o
                0x90400000                cy_meta_flashprotect

.cymeta         0x90500000        0xc
 *(.cymeta)
 .cymeta        0x90500000        0xc .\CortexM3\ARM_GCC_541\Debug\cymetadata.o
                0x90500000                cy_metadata

.rel.dyn        0x00002660        0x0 load address 0x9050000c
 .rel.iplt      0x00002660        0x0 c:/program files (x86)/cypress/psoc creator/4.4/psoc creator/import/gnu/arm/5.4.1/bin/../lib/gcc/arm-none-eabi/5.4.1/armv7-m/crtbegin.o

.stab
 *(.stab)

.stabstr
 *(.stabstr)

.debug
 *(.debug)

.line
 *(.line)

.debug_srcinfo
 *(.debug_srcinfo)

.debug_sfnames
 *(.debug_sfnames)

.debug_aranges  0x00000000     0x1118
 *(.debug_aranges)
 .debug_aranges
                0x00000000       0x60 .\CortexM3\ARM_GCC_541\Debug\main.o
 .debug_aranges
                0x00000060       0x20 .\CortexM3\ARM_GCC_541\Debug\swc_joystick.o
 .debug_aranges
                0x00000080       0x20 .\CortexM3\ARM_GCC_541\Debug\tsk_control.o
 .debug_aranges
                0x000000a0       0x20 .\CortexM3\ARM_GCC_541\Debug\tsk_io.o
 .debug_aranges
                0x000000c0       0x20 .\CortexM3\ARM_GCC_541\Debug\tsk_system.o
 .debug_aranges
                0x000000e0       0x20 .\CortexM3\ARM_GCC_541\Debug\swc_brakelight.o
 .debug_aranges
                0x00000100       0x20 .\CortexM3\ARM_GCC_541\Debug\swc_control.o
 .debug_aranges
                0x00000120       0x20 .\CortexM3\ARM_GCC_541\Debug\swc_engine.o
 .debug_aranges
                0x00000140       0x28 .\CortexM3\ARM_GCC_541\Debug\joystick.o
 .debug_aranges
                0x00000168       0x38 .\CortexM3\ARM_GCC_541\Debug\WatchDogTimer.o
 .debug_aranges
                0x000001a0       0x20 .\CortexM3\ARM_GCC_541\Debug\sc_brakelight_type.o
 .debug_aranges
                0x000001c0       0x20 .\CortexM3\ARM_GCC_541\Debug\sc_engine_type.o
 .debug_aranges
                0x000001e0       0x20 .\CortexM3\ARM_GCC_541\Debug\sc_joystick_type.o
 .debug_aranges
                0x00000200       0x28 .\CortexM3\ARM_GCC_541\Debug\sp_common.o
 .debug_aranges
                0x00000228       0x28 .\CortexM3\ARM_GCC_541\Debug\rte.o
 .debug_aranges
                0x00000250       0x58 .\CortexM3\ARM_GCC_541\Debug\cyfitter_cfg.o
 .debug_aranges
                0x000002a8       0x18 .\CortexM3\ARM_GCC_541\Debug\cymetadata.o
 .debug_aranges
                0x000002c0       0x48 .\CortexM3\ARM_GCC_541\Debug\Cm3Start.o
 .debug_aranges
                0x00000308       0xd8 .\CortexM3\ARM_GCC_541\Debug\Assignment1.a(CyDmac.o)
 .debug_aranges
                0x000003e0      0x2a0 .\CortexM3\ARM_GCC_541\Debug\Assignment1.a(CyLib.o)
 .debug_aranges
                0x00000680       0x98 .\CortexM3\ARM_GCC_541\Debug\Assignment1.a(cyPm.o)
 .debug_aranges
                0x00000718       0x20 .\CortexM3\ARM_GCC_541\Debug\Assignment1.a(ErikaOS_1_ee_activate.o)
 .debug_aranges
                0x00000738       0x20 .\CortexM3\ARM_GCC_541\Debug\Assignment1.a(ErikaOS_1_ee_alsetrel.o)
 .debug_aranges
                0x00000758       0x58 .\CortexM3\ARM_GCC_541\Debug\Assignment1.a(ErikaOS_1_ee_altick.o)
 .debug_aranges
                0x000007b0       0x20 .\CortexM3\ARM_GCC_541\Debug\Assignment1.a(ErikaOS_1_ee_evclear.o)
 .debug_aranges
                0x000007d0       0x20 .\CortexM3\ARM_GCC_541\Debug\Assignment1.a(ErikaOS_1_ee_evget.o)
 .debug_aranges
                0x000007f0       0x20 .\CortexM3\ARM_GCC_541\Debug\Assignment1.a(ErikaOS_1_ee_evset.o)
 .debug_aranges
                0x00000810       0x20 .\CortexM3\ARM_GCC_541\Debug\Assignment1.a(ErikaOS_1_ee_evwait.o)
 .debug_aranges
                0x00000830       0x30 .\CortexM3\ARM_GCC_541\Debug\Assignment1.a(ErikaOS_1_ee_irqendin.o)
 .debug_aranges
                0x00000860       0x18 .\CortexM3\ARM_GCC_541\Debug\Assignment1.a(ErikaOS_1_ee_lookup.o)
 .debug_aranges
                0x00000878       0x20 .\CortexM3\ARM_GCC_541\Debug\Assignment1.a(ErikaOS_1_ee_rq_exchg.o)
 .debug_aranges
                0x00000898       0x20 .\CortexM3\ARM_GCC_541\Debug\Assignment1.a(ErikaOS_1_ee_rq_first.o)
 .debug_aranges
                0x000008b8       0x20 .\CortexM3\ARM_GCC_541\Debug\Assignment1.a(ErikaOS_1_ee_rq_inser.o)
 .debug_aranges
                0x000008d8       0x30 .\CortexM3\ARM_GCC_541\Debug\Assignment1.a(ErikaOS_1_ee_shtdown.o)
 .debug_aranges
                0x00000908       0x40 .\CortexM3\ARM_GCC_541\Debug\Assignment1.a(ErikaOS_1_ee_startos.o)
 .debug_aranges
                0x00000948       0x20 .\CortexM3\ARM_GCC_541\Debug\Assignment1.a(ErikaOS_1_ee_terminat.o)
 .debug_aranges
                0x00000968       0x20 .\CortexM3\ARM_GCC_541\Debug\Assignment1.a(ErikaOS_1_cortex_mx_ee_utils.o)
 .debug_aranges
                0x00000988       0x18 .\CortexM3\ARM_GCC_541\Debug\Assignment1.a(ErikaOS_1_common_ee_hal_structs.o)
 .debug_aranges
                0x000009a0       0x18 .\CortexM3\ARM_GCC_541\Debug\Assignment1.a(ErikaOS_1_eecfg.o)
 .debug_aranges
                0x000009b8       0x98 .\CortexM3\ARM_GCC_541\Debug\Assignment1.a(RGB_PWM_green.o)
 .debug_aranges
                0x00000a50       0x70 .\CortexM3\ARM_GCC_541\Debug\Assignment1.a(PWM_Clock.o)
 .debug_aranges
                0x00000ac0       0x38 .\CortexM3\ARM_GCC_541\Debug\Assignment1.a(LED_red.o)
 .debug_aranges
                0x00000af8       0xa0 .\CortexM3\ARM_GCC_541\Debug\Assignment1.a(JOYSTICK_ADC_XY.o)
 .debug_aranges
                0x00000b98       0x20 .\CortexM3\ARM_GCC_541\Debug\Assignment1.a(JOYSTICK_ADC_XY_INT.o)
 .debug_aranges
                0x00000bb8       0xa8 .\CortexM3\ARM_GCC_541\Debug\Assignment1.a(JOYSTICK_ADC_XY_SAR.o)
 .debug_aranges
                0x00000c60       0x28 .\CortexM3\ARM_GCC_541\Debug\Assignment1.a(JOYSTICK_ADC_XY_TempBuf_dma.o)
 .debug_aranges
                0x00000c88       0x28 .\CortexM3\ARM_GCC_541\Debug\Assignment1.a(JOYSTICK_ADC_XY_FinalBuf_dma.o)
 .debug_aranges
                0x00000cb0       0x80 .\CortexM3\ARM_GCC_541\Debug\Assignment1.a(JOYSTICK_ADC_XY_IRQ.o)
 .debug_aranges
                0x00000d30       0xf0 .\CortexM3\ARM_GCC_541\Debug\Assignment1.a(UART_LOG.o)
 .debug_aranges
                0x00000e20       0x70 .\CortexM3\ARM_GCC_541\Debug\Assignment1.a(UART_LOG_IntClock.o)
 .debug_aranges
                0x00000e90       0x48 .\CortexM3\ARM_GCC_541\Debug\Assignment1.a(WDT_Button.o)
 .debug_aranges
                0x00000ed8       0x20 .\CortexM3\ARM_GCC_541\Debug\Assignment1.a(CyBootAsmGnu.o)
 .debug_aranges
                0x00000ef8       0x20 .\CortexM3\ARM_GCC_541\Debug\Assignment1.a(ErikaOS_1_ee_gnu_change_context_isr.o)
 .debug_aranges
                0x00000f18       0x20 .\CortexM3\ARM_GCC_541\Debug\Assignment1.a(ErikaOS_1_ee_gnu_irq_stack.o)
 .debug_aranges
                0x00000f38       0x20 .\CortexM3\ARM_GCC_541\Debug\Assignment1.a(ErikaOS_1_ee_gnu_multi_context.o)
 .debug_aranges
                0x00000f58       0x20 .\CortexM3\ARM_GCC_541\Debug\Assignment1.a(ErikaOS_1_ee_gnu_oo.o)
 .debug_aranges
                0x00000f78       0x88 .\CortexM3\ARM_GCC_541\Debug\Assignment1.a(CyFlash.o)
 .debug_aranges
                0x00001000       0x80 .\CortexM3\ARM_GCC_541\Debug\Assignment1.a(CySpc.o)
 .debug_aranges
                0x00001080       0x20 .\CortexM3\ARM_GCC_541\Debug\Assignment1.a(ErikaOS_1_ee_tnterm.o)
 .debug_aranges
                0x000010a0       0x20 .\CortexM3\ARM_GCC_541\Debug\Assignment1.a(ErikaOS_1_ee_tstub.o)
 .debug_aranges
                0x000010c0       0x28 .\CortexM3\ARM_GCC_541\Debug\Assignment1.a(ErikaOS_1_cortex_mx_ee_context.o)
 .debug_aranges
                0x000010e8       0x30 .\CortexM3\ARM_GCC_541\Debug\Assignment1.a(ErikaOS_1_ee_thendin.o)

.debug_pubnames
 *(.debug_pubnames)

.debug_info     0x00000000    0x14925
 *(.debug_info .gnu.linkonce.wi.*)
 .debug_info    0x00000000      0x7e4 .\CortexM3\ARM_GCC_541\Debug\main.o
 .debug_info    0x000007e4      0x66e .\CortexM3\ARM_GCC_541\Debug\swc_joystick.o
 .debug_info    0x00000e52      0x279 .\CortexM3\ARM_GCC_541\Debug\tsk_control.o
 .debug_info    0x000010cb      0x333 .\CortexM3\ARM_GCC_541\Debug\tsk_io.o
 .debug_info    0x000013fe      0x17d .\CortexM3\ARM_GCC_541\Debug\tsk_system.o
 .debug_info    0x0000157b      0x791 .\CortexM3\ARM_GCC_541\Debug\swc_brakelight.o
 .debug_info    0x00001d0c      0x757 .\CortexM3\ARM_GCC_541\Debug\swc_control.o
 .debug_info    0x00002463      0x7d1 .\CortexM3\ARM_GCC_541\Debug\swc_engine.o
 .debug_info    0x00002c34      0x2de .\CortexM3\ARM_GCC_541\Debug\joystick.o
 .debug_info    0x00002f12      0x2f9 .\CortexM3\ARM_GCC_541\Debug\WatchDogTimer.o
 .debug_info    0x0000320b      0x27f .\CortexM3\ARM_GCC_541\Debug\sc_brakelight_type.o
 .debug_info    0x0000348a      0x264 .\CortexM3\ARM_GCC_541\Debug\sc_engine_type.o
 .debug_info    0x000036ee      0x287 .\CortexM3\ARM_GCC_541\Debug\sc_joystick_type.o
 .debug_info    0x00003975      0xc05 .\CortexM3\ARM_GCC_541\Debug\sp_common.o
 .debug_info    0x0000457a      0x375 .\CortexM3\ARM_GCC_541\Debug\rte.o
 .debug_info    0x000048ef      0x544 .\CortexM3\ARM_GCC_541\Debug\cyfitter_cfg.o
 .debug_info    0x00004e33      0x139 .\CortexM3\ARM_GCC_541\Debug\cymetadata.o
 .debug_info    0x00004f6c      0x3cf .\CortexM3\ARM_GCC_541\Debug\Cm3Start.o
 .debug_info    0x0000533b      0x94e .\CortexM3\ARM_GCC_541\Debug\Assignment1.a(CyDmac.o)
 .debug_info    0x00005c89     0x1374 .\CortexM3\ARM_GCC_541\Debug\Assignment1.a(CyLib.o)
 .debug_info    0x00006ffd      0xa2a .\CortexM3\ARM_GCC_541\Debug\Assignment1.a(cyPm.o)
 .debug_info    0x00007a27      0x80d .\CortexM3\ARM_GCC_541\Debug\Assignment1.a(ErikaOS_1_ee_activate.o)
 .debug_info    0x00008234      0x5e5 .\CortexM3\ARM_GCC_541\Debug\Assignment1.a(ErikaOS_1_ee_alsetrel.o)
 .debug_info    0x00008819      0xc3b .\CortexM3\ARM_GCC_541\Debug\Assignment1.a(ErikaOS_1_ee_altick.o)
 .debug_info    0x00009454      0x5a7 .\CortexM3\ARM_GCC_541\Debug\Assignment1.a(ErikaOS_1_ee_evclear.o)
 .debug_info    0x000099fb      0x4ca .\CortexM3\ARM_GCC_541\Debug\Assignment1.a(ErikaOS_1_ee_evget.o)
 .debug_info    0x00009ec5      0x7c3 .\CortexM3\ARM_GCC_541\Debug\Assignment1.a(ErikaOS_1_ee_evset.o)
 .debug_info    0x0000a688      0x84e .\CortexM3\ARM_GCC_541\Debug\Assignment1.a(ErikaOS_1_ee_evwait.o)
 .debug_info    0x0000aed6      0x5cb .\CortexM3\ARM_GCC_541\Debug\Assignment1.a(ErikaOS_1_ee_irqendin.o)
 .debug_info    0x0000b4a1      0x3d0 .\CortexM3\ARM_GCC_541\Debug\Assignment1.a(ErikaOS_1_ee_lookup.o)
 .debug_info    0x0000b871      0x46f .\CortexM3\ARM_GCC_541\Debug\Assignment1.a(ErikaOS_1_ee_rq_exchg.o)
 .debug_info    0x0000bce0      0x421 .\CortexM3\ARM_GCC_541\Debug\Assignment1.a(ErikaOS_1_ee_rq_first.o)
 .debug_info    0x0000c101      0x475 .\CortexM3\ARM_GCC_541\Debug\Assignment1.a(ErikaOS_1_ee_rq_inser.o)
 .debug_info    0x0000c576      0x4f5 .\CortexM3\ARM_GCC_541\Debug\Assignment1.a(ErikaOS_1_ee_shtdown.o)
 .debug_info    0x0000ca6b     0x2040 .\CortexM3\ARM_GCC_541\Debug\Assignment1.a(ErikaOS_1_ee_startos.o)
 .debug_info    0x0000eaab      0x589 .\CortexM3\ARM_GCC_541\Debug\Assignment1.a(ErikaOS_1_ee_terminat.o)
 .debug_info    0x0000f034      0x513 .\CortexM3\ARM_GCC_541\Debug\Assignment1.a(ErikaOS_1_cortex_mx_ee_utils.o)
 .debug_info    0x0000f547      0x3cb .\CortexM3\ARM_GCC_541\Debug\Assignment1.a(ErikaOS_1_common_ee_hal_structs.o)
 .debug_info    0x0000f912      0x8c8 .\CortexM3\ARM_GCC_541\Debug\Assignment1.a(ErikaOS_1_eecfg.o)
 .debug_info    0x000101da      0x334 .\CortexM3\ARM_GCC_541\Debug\Assignment1.a(RGB_PWM_green.o)
 .debug_info    0x0001050e      0x283 .\CortexM3\ARM_GCC_541\Debug\Assignment1.a(PWM_Clock.o)
 .debug_info    0x00010791      0x11f .\CortexM3\ARM_GCC_541\Debug\Assignment1.a(LED_red.o)
 .debug_info    0x000108b0      0x6f2 .\CortexM3\ARM_GCC_541\Debug\Assignment1.a(JOYSTICK_ADC_XY.o)
 .debug_info    0x00010fa2       0xa0 .\CortexM3\ARM_GCC_541\Debug\Assignment1.a(JOYSTICK_ADC_XY_INT.o)
 .debug_info    0x00011042      0x544 .\CortexM3\ARM_GCC_541\Debug\Assignment1.a(JOYSTICK_ADC_XY_SAR.o)
 .debug_info    0x00011586      0x1a8 .\CortexM3\ARM_GCC_541\Debug\Assignment1.a(JOYSTICK_ADC_XY_TempBuf_dma.o)
 .debug_info    0x0001172e      0x1aa .\CortexM3\ARM_GCC_541\Debug\Assignment1.a(JOYSTICK_ADC_XY_FinalBuf_dma.o)
 .debug_info    0x000118d8      0x2d2 .\CortexM3\ARM_GCC_541\Debug\Assignment1.a(JOYSTICK_ADC_XY_IRQ.o)
 .debug_info    0x00011baa      0x60c .\CortexM3\ARM_GCC_541\Debug\Assignment1.a(UART_LOG.o)
 .debug_info    0x000121b6      0x283 .\CortexM3\ARM_GCC_541\Debug\Assignment1.a(UART_LOG_IntClock.o)
 .debug_info    0x00012439      0x174 .\CortexM3\ARM_GCC_541\Debug\Assignment1.a(WDT_Button.o)
 .debug_info    0x000125ad       0x93 .\CortexM3\ARM_GCC_541\Debug\Assignment1.a(CyBootAsmGnu.o)
 .debug_info    0x00012640       0xaa .\CortexM3\ARM_GCC_541\Debug\Assignment1.a(ErikaOS_1_ee_gnu_change_context_isr.o)
 .debug_info    0x000126ea       0xa1 .\CortexM3\ARM_GCC_541\Debug\Assignment1.a(ErikaOS_1_ee_gnu_irq_stack.o)
 .debug_info    0x0001278b       0xa5 .\CortexM3\ARM_GCC_541\Debug\Assignment1.a(ErikaOS_1_ee_gnu_multi_context.o)
 .debug_info    0x00012830       0x9a .\CortexM3\ARM_GCC_541\Debug\Assignment1.a(ErikaOS_1_ee_gnu_oo.o)
 .debug_info    0x000128ca      0x64d .\CortexM3\ARM_GCC_541\Debug\Assignment1.a(CyFlash.o)
 .debug_info    0x00012f17      0x550 .\CortexM3\ARM_GCC_541\Debug\Assignment1.a(CySpc.o)
 .debug_info    0x00013467      0x43d .\CortexM3\ARM_GCC_541\Debug\Assignment1.a(ErikaOS_1_ee_tnterm.o)
 .debug_info    0x000138a4      0x487 .\CortexM3\ARM_GCC_541\Debug\Assignment1.a(ErikaOS_1_ee_tstub.o)
 .debug_info    0x00013d2b      0x501 .\CortexM3\ARM_GCC_541\Debug\Assignment1.a(ErikaOS_1_cortex_mx_ee_context.o)
 .debug_info    0x0001422c      0x6f9 .\CortexM3\ARM_GCC_541\Debug\Assignment1.a(ErikaOS_1_ee_thendin.o)

.debug_abbrev   0x00000000     0x5891
 *(.debug_abbrev)
 .debug_abbrev  0x00000000      0x230 .\CortexM3\ARM_GCC_541\Debug\main.o
 .debug_abbrev  0x00000230      0x234 .\CortexM3\ARM_GCC_541\Debug\swc_joystick.o
 .debug_abbrev  0x00000464      0x158 .\CortexM3\ARM_GCC_541\Debug\tsk_control.o
 .debug_abbrev  0x000005bc      0x167 .\CortexM3\ARM_GCC_541\Debug\tsk_io.o
 .debug_abbrev  0x00000723       0xc7 .\CortexM3\ARM_GCC_541\Debug\tsk_system.o
 .debug_abbrev  0x000007ea      0x20a .\CortexM3\ARM_GCC_541\Debug\swc_brakelight.o
 .debug_abbrev  0x000009f4      0x20a .\CortexM3\ARM_GCC_541\Debug\swc_control.o
 .debug_abbrev  0x00000bfe      0x217 .\CortexM3\ARM_GCC_541\Debug\swc_engine.o
 .debug_abbrev  0x00000e15      0x11e .\CortexM3\ARM_GCC_541\Debug\joystick.o
 .debug_abbrev  0x00000f33      0x140 .\CortexM3\ARM_GCC_541\Debug\WatchDogTimer.o
 .debug_abbrev  0x00001073      0x10d .\CortexM3\ARM_GCC_541\Debug\sc_brakelight_type.o
 .debug_abbrev  0x00001180       0xf4 .\CortexM3\ARM_GCC_541\Debug\sc_engine_type.o
 .debug_abbrev  0x00001274      0x11c .\CortexM3\ARM_GCC_541\Debug\sc_joystick_type.o
 .debug_abbrev  0x00001390      0x1df .\CortexM3\ARM_GCC_541\Debug\sp_common.o
 .debug_abbrev  0x0000156f      0x16b .\CortexM3\ARM_GCC_541\Debug\rte.o
 .debug_abbrev  0x000016da      0x1fe .\CortexM3\ARM_GCC_541\Debug\cyfitter_cfg.o
 .debug_abbrev  0x000018d8       0x77 .\CortexM3\ARM_GCC_541\Debug\cymetadata.o
 .debug_abbrev  0x0000194f      0x1e8 .\CortexM3\ARM_GCC_541\Debug\Cm3Start.o
 .debug_abbrev  0x00001b37      0x1b2 .\CortexM3\ARM_GCC_541\Debug\Assignment1.a(CyDmac.o)
 .debug_abbrev  0x00001ce9      0x254 .\CortexM3\ARM_GCC_541\Debug\Assignment1.a(CyLib.o)
 .debug_abbrev  0x00001f3d      0x1ab .\CortexM3\ARM_GCC_541\Debug\Assignment1.a(cyPm.o)
 .debug_abbrev  0x000020e8      0x284 .\CortexM3\ARM_GCC_541\Debug\Assignment1.a(ErikaOS_1_ee_activate.o)
 .debug_abbrev  0x0000236c      0x1f7 .\CortexM3\ARM_GCC_541\Debug\Assignment1.a(ErikaOS_1_ee_alsetrel.o)
 .debug_abbrev  0x00002563      0x362 .\CortexM3\ARM_GCC_541\Debug\Assignment1.a(ErikaOS_1_ee_altick.o)
 .debug_abbrev  0x000028c5      0x1e0 .\CortexM3\ARM_GCC_541\Debug\Assignment1.a(ErikaOS_1_ee_evclear.o)
 .debug_abbrev  0x00002aa5      0x150 .\CortexM3\ARM_GCC_541\Debug\Assignment1.a(ErikaOS_1_ee_evget.o)
 .debug_abbrev  0x00002bf5      0x27f .\CortexM3\ARM_GCC_541\Debug\Assignment1.a(ErikaOS_1_ee_evset.o)
 .debug_abbrev  0x00002e74      0x25d .\CortexM3\ARM_GCC_541\Debug\Assignment1.a(ErikaOS_1_ee_evwait.o)
 .debug_abbrev  0x000030d1      0x1da .\CortexM3\ARM_GCC_541\Debug\Assignment1.a(ErikaOS_1_ee_irqendin.o)
 .debug_abbrev  0x000032ab       0xcf .\CortexM3\ARM_GCC_541\Debug\Assignment1.a(ErikaOS_1_ee_lookup.o)
 .debug_abbrev  0x0000337a       0xfc .\CortexM3\ARM_GCC_541\Debug\Assignment1.a(ErikaOS_1_ee_rq_exchg.o)
 .debug_abbrev  0x00003476       0xed .\CortexM3\ARM_GCC_541\Debug\Assignment1.a(ErikaOS_1_ee_rq_first.o)
 .debug_abbrev  0x00003563      0x109 .\CortexM3\ARM_GCC_541\Debug\Assignment1.a(ErikaOS_1_ee_rq_inser.o)
 .debug_abbrev  0x0000366c      0x193 .\CortexM3\ARM_GCC_541\Debug\Assignment1.a(ErikaOS_1_ee_shtdown.o)
 .debug_abbrev  0x000037ff      0x4a7 .\CortexM3\ARM_GCC_541\Debug\Assignment1.a(ErikaOS_1_ee_startos.o)
 .debug_abbrev  0x00003ca6      0x1de .\CortexM3\ARM_GCC_541\Debug\Assignment1.a(ErikaOS_1_ee_terminat.o)
 .debug_abbrev  0x00003e84      0x1e3 .\CortexM3\ARM_GCC_541\Debug\Assignment1.a(ErikaOS_1_cortex_mx_ee_utils.o)
 .debug_abbrev  0x00004067       0xcf .\CortexM3\ARM_GCC_541\Debug\Assignment1.a(ErikaOS_1_common_ee_hal_structs.o)
 .debug_abbrev  0x00004136      0x130 .\CortexM3\ARM_GCC_541\Debug\Assignment1.a(ErikaOS_1_eecfg.o)
 .debug_abbrev  0x00004266      0x133 .\CortexM3\ARM_GCC_541\Debug\Assignment1.a(RGB_PWM_green.o)
 .debug_abbrev  0x00004399      0x139 .\CortexM3\ARM_GCC_541\Debug\Assignment1.a(PWM_Clock.o)
 .debug_abbrev  0x000044d2       0x90 .\CortexM3\ARM_GCC_541\Debug\Assignment1.a(LED_red.o)
 .debug_abbrev  0x00004562      0x13e .\CortexM3\ARM_GCC_541\Debug\Assignment1.a(JOYSTICK_ADC_XY.o)
 .debug_abbrev  0x000046a0       0x42 .\CortexM3\ARM_GCC_541\Debug\Assignment1.a(JOYSTICK_ADC_XY_INT.o)
 .debug_abbrev  0x000046e2      0x1ac .\CortexM3\ARM_GCC_541\Debug\Assignment1.a(JOYSTICK_ADC_XY_SAR.o)
 .debug_abbrev  0x0000488e       0xcd .\CortexM3\ARM_GCC_541\Debug\Assignment1.a(JOYSTICK_ADC_XY_TempBuf_dma.o)
 .debug_abbrev  0x0000495b       0xcd .\CortexM3\ARM_GCC_541\Debug\Assignment1.a(JOYSTICK_ADC_XY_FinalBuf_dma.o)
 .debug_abbrev  0x00004a28      0x173 .\CortexM3\ARM_GCC_541\Debug\Assignment1.a(JOYSTICK_ADC_XY_IRQ.o)
 .debug_abbrev  0x00004b9b      0x175 .\CortexM3\ARM_GCC_541\Debug\Assignment1.a(UART_LOG.o)
 .debug_abbrev  0x00004d10      0x139 .\CortexM3\ARM_GCC_541\Debug\Assignment1.a(UART_LOG_IntClock.o)
 .debug_abbrev  0x00004e49       0x90 .\CortexM3\ARM_GCC_541\Debug\Assignment1.a(WDT_Button.o)
 .debug_abbrev  0x00004ed9       0x14 .\CortexM3\ARM_GCC_541\Debug\Assignment1.a(CyBootAsmGnu.o)
 .debug_abbrev  0x00004eed       0x14 .\CortexM3\ARM_GCC_541\Debug\Assignment1.a(ErikaOS_1_ee_gnu_change_context_isr.o)
 .debug_abbrev  0x00004f01       0x14 .\CortexM3\ARM_GCC_541\Debug\Assignment1.a(ErikaOS_1_ee_gnu_irq_stack.o)
 .debug_abbrev  0x00004f15       0x14 .\CortexM3\ARM_GCC_541\Debug\Assignment1.a(ErikaOS_1_ee_gnu_multi_context.o)
 .debug_abbrev  0x00004f29       0x14 .\CortexM3\ARM_GCC_541\Debug\Assignment1.a(ErikaOS_1_ee_gnu_oo.o)
 .debug_abbrev  0x00004f3d      0x1a7 .\CortexM3\ARM_GCC_541\Debug\Assignment1.a(CyFlash.o)
 .debug_abbrev  0x000050e4      0x194 .\CortexM3\ARM_GCC_541\Debug\Assignment1.a(CySpc.o)
 .debug_abbrev  0x00005278      0x157 .\CortexM3\ARM_GCC_541\Debug\Assignment1.a(ErikaOS_1_ee_tnterm.o)
 .debug_abbrev  0x000053cf      0x143 .\CortexM3\ARM_GCC_541\Debug\Assignment1.a(ErikaOS_1_ee_tstub.o)
 .debug_abbrev  0x00005512      0x156 .\CortexM3\ARM_GCC_541\Debug\Assignment1.a(ErikaOS_1_cortex_mx_ee_context.o)
 .debug_abbrev  0x00005668      0x229 .\CortexM3\ARM_GCC_541\Debug\Assignment1.a(ErikaOS_1_ee_thendin.o)

.debug_line     0x00000000     0x7df9
 *(.debug_line)
 .debug_line    0x00000000      0x51a .\CortexM3\ARM_GCC_541\Debug\main.o
 .debug_line    0x0000051a      0x384 .\CortexM3\ARM_GCC_541\Debug\swc_joystick.o
 .debug_line    0x0000089e      0x291 .\CortexM3\ARM_GCC_541\Debug\tsk_control.o
 .debug_line    0x00000b2f      0x281 .\CortexM3\ARM_GCC_541\Debug\tsk_io.o
 .debug_line    0x00000db0      0x239 .\CortexM3\ARM_GCC_541\Debug\tsk_system.o
 .debug_line    0x00000fe9      0x3b1 .\CortexM3\ARM_GCC_541\Debug\swc_brakelight.o
 .debug_line    0x0000139a      0x3b4 .\CortexM3\ARM_GCC_541\Debug\swc_control.o
 .debug_line    0x0000174e      0x3b0 .\CortexM3\ARM_GCC_541\Debug\swc_engine.o
 .debug_line    0x00001afe      0x24f .\CortexM3\ARM_GCC_541\Debug\joystick.o
 .debug_line    0x00001d4d      0x28c .\CortexM3\ARM_GCC_541\Debug\WatchDogTimer.o
 .debug_line    0x00001fd9        0x0 .\CortexM3\ARM_GCC_541\Debug\sc_brakelight.o
 .debug_line    0x00001fd9      0x267 .\CortexM3\ARM_GCC_541\Debug\sc_brakelight_type.o
 .debug_line    0x00002240        0x0 .\CortexM3\ARM_GCC_541\Debug\sc_engine.o
 .debug_line    0x00002240      0x25f .\CortexM3\ARM_GCC_541\Debug\sc_engine_type.o
 .debug_line    0x0000249f        0x0 .\CortexM3\ARM_GCC_541\Debug\sc_joystick.o
 .debug_line    0x0000249f      0x260 .\CortexM3\ARM_GCC_541\Debug\sc_joystick_type.o
 .debug_line    0x000026ff        0x0 .\CortexM3\ARM_GCC_541\Debug\sc_speed.o
 .debug_line    0x000026ff      0x3b7 .\CortexM3\ARM_GCC_541\Debug\sp_common.o
 .debug_line    0x00002ab6      0x293 .\CortexM3\ARM_GCC_541\Debug\rte.o
 .debug_line    0x00002d49      0x1e9 .\CortexM3\ARM_GCC_541\Debug\cyfitter_cfg.o
 .debug_line    0x00002f32      0x141 .\CortexM3\ARM_GCC_541\Debug\cymetadata.o
 .debug_line    0x00003073      0x241 .\CortexM3\ARM_GCC_541\Debug\Cm3Start.o
 .debug_line    0x000032b4      0x2e4 .\CortexM3\ARM_GCC_541\Debug\Assignment1.a(CyDmac.o)
 .debug_line    0x00003598      0x816 .\CortexM3\ARM_GCC_541\Debug\Assignment1.a(CyLib.o)
 .debug_line    0x00003dae      0x367 .\CortexM3\ARM_GCC_541\Debug\Assignment1.a(cyPm.o)
 .debug_line    0x00004115      0x1fa .\CortexM3\ARM_GCC_541\Debug\Assignment1.a(ErikaOS_1_ee_activate.o)
 .debug_line    0x0000430f      0x1d1 .\CortexM3\ARM_GCC_541\Debug\Assignment1.a(ErikaOS_1_ee_alsetrel.o)
 .debug_line    0x000044e0      0x305 .\CortexM3\ARM_GCC_541\Debug\Assignment1.a(ErikaOS_1_ee_altick.o)
 .debug_line    0x000047e5      0x1d5 .\CortexM3\ARM_GCC_541\Debug\Assignment1.a(ErikaOS_1_ee_evclear.o)
 .debug_line    0x000049ba      0x15b .\CortexM3\ARM_GCC_541\Debug\Assignment1.a(ErikaOS_1_ee_evget.o)
 .debug_line    0x00004b15      0x1f7 .\CortexM3\ARM_GCC_541\Debug\Assignment1.a(ErikaOS_1_ee_evset.o)
 .debug_line    0x00004d0c      0x203 .\CortexM3\ARM_GCC_541\Debug\Assignment1.a(ErikaOS_1_ee_evwait.o)
 .debug_line    0x00004f0f      0x1a0 .\CortexM3\ARM_GCC_541\Debug\Assignment1.a(ErikaOS_1_ee_irqendin.o)
 .debug_line    0x000050af      0x119 .\CortexM3\ARM_GCC_541\Debug\Assignment1.a(ErikaOS_1_ee_lookup.o)
 .debug_line    0x000051c8      0x15b .\CortexM3\ARM_GCC_541\Debug\Assignment1.a(ErikaOS_1_ee_rq_exchg.o)
 .debug_line    0x00005323      0x152 .\CortexM3\ARM_GCC_541\Debug\Assignment1.a(ErikaOS_1_ee_rq_first.o)
 .debug_line    0x00005475      0x156 .\CortexM3\ARM_GCC_541\Debug\Assignment1.a(ErikaOS_1_ee_rq_inser.o)
 .debug_line    0x000055cb      0x179 .\CortexM3\ARM_GCC_541\Debug\Assignment1.a(ErikaOS_1_ee_shtdown.o)
 .debug_line    0x00005744      0x3fa .\CortexM3\ARM_GCC_541\Debug\Assignment1.a(ErikaOS_1_ee_startos.o)
 .debug_line    0x00005b3e      0x1c0 .\CortexM3\ARM_GCC_541\Debug\Assignment1.a(ErikaOS_1_ee_terminat.o)
 .debug_line    0x00005cfe      0x184 .\CortexM3\ARM_GCC_541\Debug\Assignment1.a(ErikaOS_1_cortex_mx_ee_utils.o)
 .debug_line    0x00005e82       0xf9 .\CortexM3\ARM_GCC_541\Debug\Assignment1.a(ErikaOS_1_common_ee_hal_structs.o)
 .debug_line    0x00005f7b      0x13c .\CortexM3\ARM_GCC_541\Debug\Assignment1.a(ErikaOS_1_eecfg.o)
 .debug_line    0x000060b7      0x18d .\CortexM3\ARM_GCC_541\Debug\Assignment1.a(RGB_PWM_green.o)
 .debug_line    0x00006244      0x178 .\CortexM3\ARM_GCC_541\Debug\Assignment1.a(PWM_Clock.o)
 .debug_line    0x000063bc       0x94 .\CortexM3\ARM_GCC_541\Debug\Assignment1.a(LED_red.o)
 .debug_line    0x00006450      0x23e .\CortexM3\ARM_GCC_541\Debug\Assignment1.a(JOYSTICK_ADC_XY.o)
 .debug_line    0x0000668e       0x5c .\CortexM3\ARM_GCC_541\Debug\Assignment1.a(JOYSTICK_ADC_XY_INT.o)
 .debug_line    0x000066ea      0x20f .\CortexM3\ARM_GCC_541\Debug\Assignment1.a(JOYSTICK_ADC_XY_SAR.o)
 .debug_line    0x000068f9       0x94 .\CortexM3\ARM_GCC_541\Debug\Assignment1.a(JOYSTICK_ADC_XY_TempBuf_dma.o)
 .debug_line    0x0000698d       0x95 .\CortexM3\ARM_GCC_541\Debug\Assignment1.a(JOYSTICK_ADC_XY_FinalBuf_dma.o)
 .debug_line    0x00006a22      0x140 .\CortexM3\ARM_GCC_541\Debug\Assignment1.a(JOYSTICK_ADC_XY_IRQ.o)
 .debug_line    0x00006b62      0x2c4 .\CortexM3\ARM_GCC_541\Debug\Assignment1.a(UART_LOG.o)
 .debug_line    0x00006e26      0x180 .\CortexM3\ARM_GCC_541\Debug\Assignment1.a(UART_LOG_IntClock.o)
 .debug_line    0x00006fa6       0xbb .\CortexM3\ARM_GCC_541\Debug\Assignment1.a(WDT_Button.o)
 .debug_line    0x00007061       0x66 .\CortexM3\ARM_GCC_541\Debug\Assignment1.a(CyBootAsmGnu.o)
 .debug_line    0x000070c7       0xae .\CortexM3\ARM_GCC_541\Debug\Assignment1.a(ErikaOS_1_ee_gnu_change_context_isr.o)
 .debug_line    0x00007175       0x74 .\CortexM3\ARM_GCC_541\Debug\Assignment1.a(ErikaOS_1_ee_gnu_irq_stack.o)
 .debug_line    0x000071e9       0x9d .\CortexM3\ARM_GCC_541\Debug\Assignment1.a(ErikaOS_1_ee_gnu_multi_context.o)
 .debug_line    0x00007286       0x99 .\CortexM3\ARM_GCC_541\Debug\Assignment1.a(ErikaOS_1_ee_gnu_oo.o)
 .debug_line    0x0000731f      0x21a .\CortexM3\ARM_GCC_541\Debug\Assignment1.a(CyFlash.o)
 .debug_line    0x00007539      0x260 .\CortexM3\ARM_GCC_541\Debug\Assignment1.a(CySpc.o)
 .debug_line    0x00007799      0x17b .\CortexM3\ARM_GCC_541\Debug\Assignment1.a(ErikaOS_1_ee_tnterm.o)
 .debug_line    0x00007914      0x172 .\CortexM3\ARM_GCC_541\Debug\Assignment1.a(ErikaOS_1_ee_tstub.o)
 .debug_line    0x00007a86      0x1ac .\CortexM3\ARM_GCC_541\Debug\Assignment1.a(ErikaOS_1_cortex_mx_ee_context.o)
 .debug_line    0x00007c32      0x1c7 .\CortexM3\ARM_GCC_541\Debug\Assignment1.a(ErikaOS_1_ee_thendin.o)

.debug_frame    0x00000000     0x260c
 *(.debug_frame)
 .debug_frame   0x00000000      0x128 .\CortexM3\ARM_GCC_541\Debug\main.o
 .debug_frame   0x00000128       0x34 .\CortexM3\ARM_GCC_541\Debug\swc_joystick.o
 .debug_frame   0x0000015c       0x2c .\CortexM3\ARM_GCC_541\Debug\tsk_control.o
 .debug_frame   0x00000188       0x2c .\CortexM3\ARM_GCC_541\Debug\tsk_io.o
 .debug_frame   0x000001b4       0x2c .\CortexM3\ARM_GCC_541\Debug\tsk_system.o
 .debug_frame   0x000001e0       0x30 .\CortexM3\ARM_GCC_541\Debug\swc_brakelight.o
 .debug_frame   0x00000210       0x34 .\CortexM3\ARM_GCC_541\Debug\swc_control.o
 .debug_frame   0x00000244       0x30 .\CortexM3\ARM_GCC_541\Debug\swc_engine.o
 .debug_frame   0x00000274       0x4c .\CortexM3\ARM_GCC_541\Debug\joystick.o
 .debug_frame   0x000002c0       0x68 .\CortexM3\ARM_GCC_541\Debug\WatchDogTimer.o
 .debug_frame   0x00000328       0x2c .\CortexM3\ARM_GCC_541\Debug\sc_brakelight_type.o
 .debug_frame   0x00000354       0x2c .\CortexM3\ARM_GCC_541\Debug\sc_engine_type.o
 .debug_frame   0x00000380       0x34 .\CortexM3\ARM_GCC_541\Debug\sc_joystick_type.o
 .debug_frame   0x000003b4       0x30 .\CortexM3\ARM_GCC_541\Debug\sp_common.o
 .debug_frame   0x000003e4       0x60 .\CortexM3\ARM_GCC_541\Debug\rte.o
 .debug_frame   0x00000444       0xfc .\CortexM3\ARM_GCC_541\Debug\cyfitter_cfg.o
 .debug_frame   0x00000540       0xb8 .\CortexM3\ARM_GCC_541\Debug\Cm3Start.o
 .debug_frame   0x000005f8      0x1f8 .\CortexM3\ARM_GCC_541\Debug\Assignment1.a(CyDmac.o)
 .debug_frame   0x000007f0      0x738 .\CortexM3\ARM_GCC_541\Debug\Assignment1.a(CyLib.o)
 .debug_frame   0x00000f28      0x1f8 .\CortexM3\ARM_GCC_541\Debug\Assignment1.a(cyPm.o)
 .debug_frame   0x00001120       0x30 .\CortexM3\ARM_GCC_541\Debug\Assignment1.a(ErikaOS_1_ee_activate.o)
 .debug_frame   0x00001150       0x38 .\CortexM3\ARM_GCC_541\Debug\Assignment1.a(ErikaOS_1_ee_alsetrel.o)
 .debug_frame   0x00001188      0x10c .\CortexM3\ARM_GCC_541\Debug\Assignment1.a(ErikaOS_1_ee_altick.o)
 .debug_frame   0x00001294       0x38 .\CortexM3\ARM_GCC_541\Debug\Assignment1.a(ErikaOS_1_ee_evclear.o)
 .debug_frame   0x000012cc       0x20 .\CortexM3\ARM_GCC_541\Debug\Assignment1.a(ErikaOS_1_ee_evget.o)
 .debug_frame   0x000012ec       0x30 .\CortexM3\ARM_GCC_541\Debug\Assignment1.a(ErikaOS_1_ee_evset.o)
 .debug_frame   0x0000131c       0x30 .\CortexM3\ARM_GCC_541\Debug\Assignment1.a(ErikaOS_1_ee_evwait.o)
 .debug_frame   0x0000134c       0x58 .\CortexM3\ARM_GCC_541\Debug\Assignment1.a(ErikaOS_1_ee_irqendin.o)
 .debug_frame   0x000013a4       0x3c .\CortexM3\ARM_GCC_541\Debug\Assignment1.a(ErikaOS_1_ee_rq_exchg.o)
 .debug_frame   0x000013e0       0x20 .\CortexM3\ARM_GCC_541\Debug\Assignment1.a(ErikaOS_1_ee_rq_first.o)
 .debug_frame   0x00001400       0x30 .\CortexM3\ARM_GCC_541\Debug\Assignment1.a(ErikaOS_1_ee_rq_inser.o)
 .debug_frame   0x00001430       0x58 .\CortexM3\ARM_GCC_541\Debug\Assignment1.a(ErikaOS_1_ee_shtdown.o)
 .debug_frame   0x00001488       0x90 .\CortexM3\ARM_GCC_541\Debug\Assignment1.a(ErikaOS_1_ee_startos.o)
 .debug_frame   0x00001518       0x2c .\CortexM3\ARM_GCC_541\Debug\Assignment1.a(ErikaOS_1_ee_terminat.o)
 .debug_frame   0x00001544       0x30 .\CortexM3\ARM_GCC_541\Debug\Assignment1.a(ErikaOS_1_cortex_mx_ee_utils.o)
 .debug_frame   0x00001574      0x134 .\CortexM3\ARM_GCC_541\Debug\Assignment1.a(RGB_PWM_green.o)
 .debug_frame   0x000016a8       0xe0 .\CortexM3\ARM_GCC_541\Debug\Assignment1.a(PWM_Clock.o)
 .debug_frame   0x00001788       0x50 .\CortexM3\ARM_GCC_541\Debug\Assignment1.a(LED_red.o)
 .debug_frame   0x000017d8      0x1dc .\CortexM3\ARM_GCC_541\Debug\Assignment1.a(JOYSTICK_ADC_XY.o)
 .debug_frame   0x000019b4       0x20 .\CortexM3\ARM_GCC_541\Debug\Assignment1.a(JOYSTICK_ADC_XY_INT.o)
 .debug_frame   0x000019d4      0x1b0 .\CortexM3\ARM_GCC_541\Debug\Assignment1.a(JOYSTICK_ADC_XY_SAR.o)
 .debug_frame   0x00001b84       0x54 .\CortexM3\ARM_GCC_541\Debug\Assignment1.a(JOYSTICK_ADC_XY_TempBuf_dma.o)
 .debug_frame   0x00001bd8       0x54 .\CortexM3\ARM_GCC_541\Debug\Assignment1.a(JOYSTICK_ADC_XY_FinalBuf_dma.o)
 .debug_frame   0x00001c2c      0x104 .\CortexM3\ARM_GCC_541\Debug\Assignment1.a(JOYSTICK_ADC_XY_IRQ.o)
 .debug_frame   0x00001d30      0x250 .\CortexM3\ARM_GCC_541\Debug\Assignment1.a(UART_LOG.o)
 .debug_frame   0x00001f80       0xe0 .\CortexM3\ARM_GCC_541\Debug\Assignment1.a(UART_LOG_IntClock.o)
 .debug_frame   0x00002060       0x70 .\CortexM3\ARM_GCC_541\Debug\Assignment1.a(WDT_Button.o)
 .debug_frame   0x000020d0      0x194 .\CortexM3\ARM_GCC_541\Debug\Assignment1.a(CyFlash.o)
 .debug_frame   0x00002264      0x180 .\CortexM3\ARM_GCC_541\Debug\Assignment1.a(CySpc.o)
 .debug_frame   0x000023e4       0x2c .\CortexM3\ARM_GCC_541\Debug\Assignment1.a(ErikaOS_1_ee_tnterm.o)
 .debug_frame   0x00002410       0x2c .\CortexM3\ARM_GCC_541\Debug\Assignment1.a(ErikaOS_1_ee_tstub.o)
 .debug_frame   0x0000243c       0x3c .\CortexM3\ARM_GCC_541\Debug\Assignment1.a(ErikaOS_1_cortex_mx_ee_context.o)
 .debug_frame   0x00002478       0x5c .\CortexM3\ARM_GCC_541\Debug\Assignment1.a(ErikaOS_1_ee_thendin.o)
 .debug_frame   0x000024d4       0x44 c:/program files (x86)/cypress/psoc creator/4.4/psoc creator/import/gnu/arm/5.4.1/bin/../lib/gcc/arm-none-eabi/5.4.1/armv7-m\libgcc.a(_aeabi_ldivmod.o)
 .debug_frame   0x00002518       0x38 c:/program files (x86)/cypress/psoc creator/4.4/psoc creator/import/gnu/arm/5.4.1/bin/../lib/gcc/arm-none-eabi/5.4.1/armv7-m\libgcc.a(_udivmoddi4.o)
 .debug_frame   0x00002550       0x20 c:/program files (x86)/cypress/psoc creator/4.4/psoc creator/import/gnu/arm/5.4.1/bin/../lib/gcc/arm-none-eabi/5.4.1/../../../../arm-none-eabi/lib/armv7-m\libg_nano.a(lib_a-errno.o)
 .debug_frame   0x00002570       0x28 c:/program files (x86)/cypress/psoc creator/4.4/psoc creator/import/gnu/arm/5.4.1/bin/../lib/gcc/arm-none-eabi/5.4.1/../../../../arm-none-eabi/lib/armv7-m\libg_nano.a(lib_a-exit.o)
 .debug_frame   0x00002598       0x2c c:/program files (x86)/cypress/psoc creator/4.4/psoc creator/import/gnu/arm/5.4.1/bin/../lib/gcc/arm-none-eabi/5.4.1/../../../../arm-none-eabi/lib/armv7-m\libg_nano.a(lib_a-init.o)
 .debug_frame   0x000025c4       0x28 c:/program files (x86)/cypress/psoc creator/4.4/psoc creator/import/gnu/arm/5.4.1/bin/../lib/gcc/arm-none-eabi/5.4.1/../../../../arm-none-eabi/lib/armv7-m\libg_nano.a(lib_a-memcpy-stub.o)
 .debug_frame   0x000025ec       0x20 c:/program files (x86)/cypress/psoc creator/4.4/psoc creator/import/gnu/arm/5.4.1/bin/../lib/gcc/arm-none-eabi/5.4.1/../../../../arm-none-eabi/lib/armv7-m\libg_nano.a(lib_a-memset.o)

.debug_str      0x00000000     0x5094
 *(.debug_str)
 .debug_str     0x00000000      0x590 .\CortexM3\ARM_GCC_541\Debug\main.o
                                0x5ff (size before relaxing)
 .debug_str     0x00000590      0x468 .\CortexM3\ARM_GCC_541\Debug\swc_joystick.o
                                0x6c3 (size before relaxing)
 .debug_str     0x000009f8       0xe3 .\CortexM3\ARM_GCC_541\Debug\tsk_control.o
                                0x343 (size before relaxing)
 .debug_str     0x00000adb       0xdd .\CortexM3\ARM_GCC_541\Debug\tsk_io.o
                                0x3c1 (size before relaxing)
 .debug_str     0x00000bb8       0x44 .\CortexM3\ARM_GCC_541\Debug\tsk_system.o
                                0x291 (size before relaxing)
 .debug_str     0x00000bfc      0x204 .\CortexM3\ARM_GCC_541\Debug\swc_brakelight.o
                                0x7b7 (size before relaxing)
 .debug_str     0x00000e00       0x81 .\CortexM3\ARM_GCC_541\Debug\swc_control.o
                                0x776 (size before relaxing)
 .debug_str     0x00000e81      0x120 .\CortexM3\ARM_GCC_541\Debug\swc_engine.o
                                0x7a0 (size before relaxing)
 .debug_str     0x00000fa1       0xa5 .\CortexM3\ARM_GCC_541\Debug\joystick.o
                                0x4d6 (size before relaxing)
 .debug_str     0x00001046       0x82 .\CortexM3\ARM_GCC_541\Debug\WatchDogTimer.o
                                0x50a (size before relaxing)
 .debug_str     0x000010c8       0x1b .\CortexM3\ARM_GCC_541\Debug\sc_brakelight.o
                                 0xee (size before relaxing)
 .debug_str     0x000010e3       0x46 .\CortexM3\ARM_GCC_541\Debug\sc_brakelight_type.o
                                0x494 (size before relaxing)
 .debug_str     0x00001129       0x17 .\CortexM3\ARM_GCC_541\Debug\sc_engine.o
                                 0xea (size before relaxing)
 .debug_str     0x00001140       0x4b .\CortexM3\ARM_GCC_541\Debug\sc_engine_type.o
                                0x487 (size before relaxing)
 .debug_str     0x0000118b       0x19 .\CortexM3\ARM_GCC_541\Debug\sc_joystick.o
                                 0xec (size before relaxing)
 .debug_str     0x000011a4       0x4d .\CortexM3\ARM_GCC_541\Debug\sc_joystick_type.o
                                0x491 (size before relaxing)
 .debug_str     0x000011f1       0x16 .\CortexM3\ARM_GCC_541\Debug\sc_speed.o
                                 0xe9 (size before relaxing)
 .debug_str     0x00001207      0x143 .\CortexM3\ARM_GCC_541\Debug\sp_common.o
                                0x956 (size before relaxing)
 .debug_str     0x0000134a       0x1b .\CortexM3\ARM_GCC_541\Debug\rte.o
                                0x4c5 (size before relaxing)
 .debug_str     0x00001365      0x169 .\CortexM3\ARM_GCC_541\Debug\cyfitter_cfg.o
                                0x31c (size before relaxing)
 .debug_str     0x000014ce       0x75 .\CortexM3\ARM_GCC_541\Debug\cymetadata.o
                                0x1e7 (size before relaxing)
 .debug_str     0x00001543      0x141 .\CortexM3\ARM_GCC_541\Debug\Cm3Start.o
                                0x31d (size before relaxing)
 .debug_str     0x00001684      0x360 .\CortexM3\ARM_GCC_541\Debug\Assignment1.a(CyDmac.o)
                                0x54d (size before relaxing)
 .debug_str     0x000019e4      0x7d4 .\CortexM3\ARM_GCC_541\Debug\Assignment1.a(CyLib.o)
                                0xa4a (size before relaxing)
 .debug_str     0x000021b8      0x365 .\CortexM3\ARM_GCC_541\Debug\Assignment1.a(cyPm.o)
                                0x736 (size before relaxing)
 .debug_str     0x0000251d      0x5b7 .\CortexM3\ARM_GCC_541\Debug\Assignment1.a(ErikaOS_1_ee_activate.o)
                                0x80a (size before relaxing)
 .debug_str     0x00002ad4       0x99 .\CortexM3\ARM_GCC_541\Debug\Assignment1.a(ErikaOS_1_ee_alsetrel.o)
                                0x602 (size before relaxing)
 .debug_str     0x00002b6d      0x232 .\CortexM3\ARM_GCC_541\Debug\Assignment1.a(ErikaOS_1_ee_altick.o)
                                0xa65 (size before relaxing)
 .debug_str     0x00002d9f       0x2e .\CortexM3\ARM_GCC_541\Debug\Assignment1.a(ErikaOS_1_ee_evclear.o)
                                0x5e2 (size before relaxing)
 .debug_str     0x00002dcd       0x5d .\CortexM3\ARM_GCC_541\Debug\Assignment1.a(ErikaOS_1_ee_evget.o)
                                0x552 (size before relaxing)
 .debug_str     0x00002e2a       0x2c .\CortexM3\ARM_GCC_541\Debug\Assignment1.a(ErikaOS_1_ee_evset.o)
                                0x7e2 (size before relaxing)
 .debug_str     0x00002e56       0x8f .\CortexM3\ARM_GCC_541\Debug\Assignment1.a(ErikaOS_1_ee_evwait.o)
                                0x826 (size before relaxing)
 .debug_str     0x00002ee5       0xca .\CortexM3\ARM_GCC_541\Debug\Assignment1.a(ErikaOS_1_ee_irqendin.o)
                                0x6bf (size before relaxing)
 .debug_str     0x00002faf       0x2d .\CortexM3\ARM_GCC_541\Debug\Assignment1.a(ErikaOS_1_ee_lookup.o)
                                0x48e (size before relaxing)
 .debug_str     0x00002fdc       0x8c .\CortexM3\ARM_GCC_541\Debug\Assignment1.a(ErikaOS_1_ee_rq_exchg.o)
                                0x500 (size before relaxing)
 .debug_str     0x00003068       0x2f .\CortexM3\ARM_GCC_541\Debug\Assignment1.a(ErikaOS_1_ee_rq_first.o)
                                0x4cb (size before relaxing)
 .debug_str     0x00003097       0x3a .\CortexM3\ARM_GCC_541\Debug\Assignment1.a(ErikaOS_1_ee_rq_inser.o)
                                0x505 (size before relaxing)
 .debug_str     0x000030d1       0x8f .\CortexM3\ARM_GCC_541\Debug\Assignment1.a(ErikaOS_1_ee_shtdown.o)
                                0x576 (size before relaxing)
 .debug_str     0x00003160      0x894 .\CortexM3\ARM_GCC_541\Debug\Assignment1.a(ErikaOS_1_ee_startos.o)
                               0x1731 (size before relaxing)
 .debug_str     0x000039f4       0x5d .\CortexM3\ARM_GCC_541\Debug\Assignment1.a(ErikaOS_1_ee_terminat.o)
                                0x5ef (size before relaxing)
 .debug_str     0x00003a51       0x73 .\CortexM3\ARM_GCC_541\Debug\Assignment1.a(ErikaOS_1_cortex_mx_ee_utils.o)
                                0x55d (size before relaxing)
 .debug_str     0x00003ac4       0x39 .\CortexM3\ARM_GCC_541\Debug\Assignment1.a(ErikaOS_1_common_ee_hal_structs.o)
                                0x49a (size before relaxing)
 .debug_str     0x00003afd      0x19f .\CortexM3\ARM_GCC_541\Debug\Assignment1.a(ErikaOS_1_eecfg.o)
                                0x7e8 (size before relaxing)
 .debug_str     0x00003c9c      0x1f1 .\CortexM3\ARM_GCC_541\Debug\Assignment1.a(RGB_PWM_green.o)
                                0x3ec (size before relaxing)
 .debug_str     0x00003e8d      0x16a .\CortexM3\ARM_GCC_541\Debug\Assignment1.a(PWM_Clock.o)
                                0x309 (size before relaxing)
 .debug_str     0x00003ff7       0x62 .\CortexM3\ARM_GCC_541\Debug\Assignment1.a(LED_red.o)
                                0x1ef (size before relaxing)
 .debug_str     0x00004059      0x49c .\CortexM3\ARM_GCC_541\Debug\Assignment1.a(JOYSTICK_ADC_XY.o)
                                0x77b (size before relaxing)
 .debug_str     0x000044f5       0x41 .\CortexM3\ARM_GCC_541\Debug\Assignment1.a(JOYSTICK_ADC_XY_INT.o)
                                0x1bf (size before relaxing)
 .debug_str     0x00004536      0x17b .\CortexM3\ARM_GCC_541\Debug\Assignment1.a(JOYSTICK_ADC_XY_SAR.o)
                                0x561 (size before relaxing)
 .debug_str     0x000046b1       0xb5 .\CortexM3\ARM_GCC_541\Debug\Assignment1.a(JOYSTICK_ADC_XY_TempBuf_dma.o)
                                0x2b7 (size before relaxing)
 .debug_str     0x00004766       0x7d .\CortexM3\ARM_GCC_541\Debug\Assignment1.a(JOYSTICK_ADC_XY_FinalBuf_dma.o)
                                0x2bb (size before relaxing)
 .debug_str     0x000047e3      0x16c .\CortexM3\ARM_GCC_541\Debug\Assignment1.a(JOYSTICK_ADC_XY_IRQ.o)
                                0x36d (size before relaxing)
 .debug_str     0x0000494f      0x2e0 .\CortexM3\ARM_GCC_541\Debug\Assignment1.a(UART_LOG.o)
                                0x4f4 (size before relaxing)
 .debug_str     0x00004c2f      0x160 .\CortexM3\ARM_GCC_541\Debug\Assignment1.a(UART_LOG_IntClock.o)
                                0x369 (size before relaxing)
 .debug_str     0x00004d8f       0xa3 .\CortexM3\ARM_GCC_541\Debug\Assignment1.a(WDT_Button.o)
                                0x244 (size before relaxing)
 .debug_str     0x00004e32       0x6c .\CortexM3\ARM_GCC_541\Debug\Assignment1.a(CyFlash.o)
                                0x3c3 (size before relaxing)
 .debug_str     0x00004e9e       0x64 .\CortexM3\ARM_GCC_541\Debug\Assignment1.a(CySpc.o)
                                0x33b (size before relaxing)
 .debug_str     0x00004f02       0x46 .\CortexM3\ARM_GCC_541\Debug\Assignment1.a(ErikaOS_1_ee_tnterm.o)
                                0x501 (size before relaxing)
 .debug_str     0x00004f48       0x57 .\CortexM3\ARM_GCC_541\Debug\Assignment1.a(ErikaOS_1_ee_tstub.o)
                                0x5d8 (size before relaxing)
 .debug_str     0x00004f9f       0x8c .\CortexM3\ARM_GCC_541\Debug\Assignment1.a(ErikaOS_1_cortex_mx_ee_context.o)
                                0x58f (size before relaxing)
 .debug_str     0x0000502b       0x69 .\CortexM3\ARM_GCC_541\Debug\Assignment1.a(ErikaOS_1_ee_thendin.o)
                                0x755 (size before relaxing)

.debug_loc      0x00000000     0x497f
 *(.debug_loc)
 .debug_loc     0x00000000      0x13a .\CortexM3\ARM_GCC_541\Debug\main.o
 .debug_loc     0x0000013a      0x14d .\CortexM3\ARM_GCC_541\Debug\swc_joystick.o
 .debug_loc     0x00000287       0x1f .\CortexM3\ARM_GCC_541\Debug\tsk_io.o
 .debug_loc     0x000002a6       0xd7 .\CortexM3\ARM_GCC_541\Debug\swc_brakelight.o
 .debug_loc     0x0000037d       0xe5 .\CortexM3\ARM_GCC_541\Debug\swc_control.o
 .debug_loc     0x00000462       0xd7 .\CortexM3\ARM_GCC_541\Debug\swc_engine.o
 .debug_loc     0x00000539       0x62 .\CortexM3\ARM_GCC_541\Debug\joystick.o
 .debug_loc     0x0000059b       0x42 .\CortexM3\ARM_GCC_541\Debug\WatchDogTimer.o
 .debug_loc     0x000005dd       0x3a .\CortexM3\ARM_GCC_541\Debug\sc_brakelight_type.o
 .debug_loc     0x00000617       0x21 .\CortexM3\ARM_GCC_541\Debug\sc_engine_type.o
 .debug_loc     0x00000638       0x1e .\CortexM3\ARM_GCC_541\Debug\sc_joystick_type.o
 .debug_loc     0x00000656      0x13b .\CortexM3\ARM_GCC_541\Debug\sp_common.o
 .debug_loc     0x00000791      0x10e .\CortexM3\ARM_GCC_541\Debug\rte.o
 .debug_loc     0x0000089f      0x1fd .\CortexM3\ARM_GCC_541\Debug\cyfitter_cfg.o
 .debug_loc     0x00000a9c      0x144 .\CortexM3\ARM_GCC_541\Debug\Cm3Start.o
 .debug_loc     0x00000be0      0xb8e .\CortexM3\ARM_GCC_541\Debug\Assignment1.a(CyDmac.o)
 .debug_loc     0x0000176e      0xa11 .\CortexM3\ARM_GCC_541\Debug\Assignment1.a(CyLib.o)
 .debug_loc     0x0000217f      0x1e4 .\CortexM3\ARM_GCC_541\Debug\Assignment1.a(cyPm.o)
 .debug_loc     0x00002363      0x12d .\CortexM3\ARM_GCC_541\Debug\Assignment1.a(ErikaOS_1_ee_activate.o)
 .debug_loc     0x00002490      0x1e0 .\CortexM3\ARM_GCC_541\Debug\Assignment1.a(ErikaOS_1_ee_alsetrel.o)
 .debug_loc     0x00002670      0x46c .\CortexM3\ARM_GCC_541\Debug\Assignment1.a(ErikaOS_1_ee_altick.o)
 .debug_loc     0x00002adc       0xbc .\CortexM3\ARM_GCC_541\Debug\Assignment1.a(ErikaOS_1_ee_evclear.o)
 .debug_loc     0x00002b98       0xa4 .\CortexM3\ARM_GCC_541\Debug\Assignment1.a(ErikaOS_1_ee_evget.o)
 .debug_loc     0x00002c3c      0x16b .\CortexM3\ARM_GCC_541\Debug\Assignment1.a(ErikaOS_1_ee_evset.o)
 .debug_loc     0x00002da7      0x13f .\CortexM3\ARM_GCC_541\Debug\Assignment1.a(ErikaOS_1_ee_evwait.o)
 .debug_loc     0x00002ee6       0x62 .\CortexM3\ARM_GCC_541\Debug\Assignment1.a(ErikaOS_1_ee_irqendin.o)
 .debug_loc     0x00002f48       0x4a .\CortexM3\ARM_GCC_541\Debug\Assignment1.a(ErikaOS_1_ee_rq_exchg.o)
 .debug_loc     0x00002f92       0x36 .\CortexM3\ARM_GCC_541\Debug\Assignment1.a(ErikaOS_1_ee_rq_first.o)
 .debug_loc     0x00002fc8       0x1e .\CortexM3\ARM_GCC_541\Debug\Assignment1.a(ErikaOS_1_ee_rq_inser.o)
 .debug_loc     0x00002fe6       0x42 .\CortexM3\ARM_GCC_541\Debug\Assignment1.a(ErikaOS_1_ee_shtdown.o)
 .debug_loc     0x00003028      0x1d8 .\CortexM3\ARM_GCC_541\Debug\Assignment1.a(ErikaOS_1_ee_startos.o)
 .debug_loc     0x00003200       0x50 .\CortexM3\ARM_GCC_541\Debug\Assignment1.a(ErikaOS_1_ee_terminat.o)
 .debug_loc     0x00003250       0x13 .\CortexM3\ARM_GCC_541\Debug\Assignment1.a(ErikaOS_1_cortex_mx_ee_utils.o)
 .debug_loc     0x00003263       0x26 .\CortexM3\ARM_GCC_541\Debug\Assignment1.a(RGB_PWM_green.o)
 .debug_loc     0x00003289      0x128 .\CortexM3\ARM_GCC_541\Debug\Assignment1.a(PWM_Clock.o)
 .debug_loc     0x000033b1       0x42 .\CortexM3\ARM_GCC_541\Debug\Assignment1.a(LED_red.o)
 .debug_loc     0x000033f3      0x13c .\CortexM3\ARM_GCC_541\Debug\Assignment1.a(JOYSTICK_ADC_XY.o)
 .debug_loc     0x0000352f      0x295 .\CortexM3\ARM_GCC_541\Debug\Assignment1.a(JOYSTICK_ADC_XY_SAR.o)
 .debug_loc     0x000037c4       0x84 .\CortexM3\ARM_GCC_541\Debug\Assignment1.a(JOYSTICK_ADC_XY_TempBuf_dma.o)
 .debug_loc     0x00003848       0x84 .\CortexM3\ARM_GCC_541\Debug\Assignment1.a(JOYSTICK_ADC_XY_FinalBuf_dma.o)
 .debug_loc     0x000038cc       0x56 .\CortexM3\ARM_GCC_541\Debug\Assignment1.a(JOYSTICK_ADC_XY_IRQ.o)
 .debug_loc     0x00003922      0x258 .\CortexM3\ARM_GCC_541\Debug\Assignment1.a(UART_LOG.o)
 .debug_loc     0x00003b7a      0x128 .\CortexM3\ARM_GCC_541\Debug\Assignment1.a(UART_LOG_IntClock.o)
 .debug_loc     0x00003ca2       0x84 .\CortexM3\ARM_GCC_541\Debug\Assignment1.a(WDT_Button.o)
 .debug_loc     0x00003d26      0x3b2 .\CortexM3\ARM_GCC_541\Debug\Assignment1.a(CyFlash.o)
 .debug_loc     0x000040d8      0x705 .\CortexM3\ARM_GCC_541\Debug\Assignment1.a(CySpc.o)
 .debug_loc     0x000047dd       0xc5 .\CortexM3\ARM_GCC_541\Debug\Assignment1.a(ErikaOS_1_cortex_mx_ee_context.o)
 .debug_loc     0x000048a2       0xdd .\CortexM3\ARM_GCC_541\Debug\Assignment1.a(ErikaOS_1_ee_thendin.o)

.debug_macinfo
 *(.debug_macinfo)

.debug_ranges   0x00000000      0xd70
 *(.debug_ranges)